2017-08-25 10:00:00.000356 mon.0 10.1.0.134:6789/0 280411 : cluster [INF] HEALTH_ERR; 14 pgs inconsistent; 21 scrub errors
2017-08-25 10:00:00.718263 mon.0 10.1.0.134:6789/0 280412 : cluster [INF] pgmap v22460270: 1396 pgs: 1382 active+clean, 14 active+clean+inconsistent; 5291 GB data, 15696 GB used, 8427 GB / 24124 GB avail; 7216 kB/s rd, 756 kB/s wr, 180 op/s
2017-08-25 10:00:00.725 22092 DEBUG eventlet.wsgi.server [-] (22092) accepted ('172.16.1.136', 63388) server /usr/lib/python2.7/site-packages/eventlet/wsgi.py:826
2017-08-25 10:00:00.727 22092 INFO cinder.api.openstack.wsgi [-] OPTIONS http://172.16.1.135:8776/
2017-08-25 10:00:00.728 22092 DEBUG cinder.api.openstack.wsgi [-] Empty body provided in request get_body /usr/lib/python2.7/site-packages/cinder/api/openstack/wsgi.py:862
2017-08-25 10:00:00.729 22092 INFO cinder.api.openstack.wsgi [-] http://172.16.1.135:8776/ returned with HTTP 200
2017-08-25 10:00:00.730 22092 INFO eventlet.wsgi.server [-] 172.16.1.136 - - [25/Aug/2017 10:00:00] "OPTIONS / HTTP/1.0" 200 282 0.002898
2017-08-25 10:00:00.959 14353 DEBUG nova.metadata.wsgi.server [-] (14353) accepted ('172.16.1.135', 17429) server /usr/lib/python2.7/site-packages/eventlet/wsgi.py:826
2017-08-25 10:00:00.961 14353 INFO nova.api.ec2 [-] 0.224s 172.16.1.135 OPTIONS / None:None 200 [None] text/plain text/plain
2017-08-25 10:00:00.961 14353 INFO nova.metadata.wsgi.server [-] 172.16.1.135 "OPTIONS / HTTP/1.0" status: 200 len: 234 time: 0.0011029
2017-08-25 10:00:00 ztx-controller-135 cinder-api: 2017-08-25 10:00:00.725 22092 DEBUG eventlet.wsgi.server [-] (22092) accepted ('172.16.1.136', 63388) server /usr/lib/python2.7/site-packages/eventlet/wsgi.py:826
2017-08-25 10:00:00 ztx-controller-135 cinder-api: 2017-08-25 10:00:00.727 22092 INFO cinder.api.openstack.wsgi [-] OPTIONS http://172.16.1.135:8776/
2017-08-25 10:00:00 ztx-controller-135 cinder-api: 2017-08-25 10:00:00.728 22092 DEBUG cinder.api.openstack.wsgi [-] Empty body provided in request get_body /usr/lib/python2.7/site-packages/cinder/api/openstack/wsgi.py:862
2017-08-25 10:00:00 ztx-controller-135 cinder-api: 2017-08-25 10:00:00.729 22092 INFO cinder.api.openstack.wsgi [-] http://172.16.1.135:8776/ returned with HTTP 200
2017-08-25 10:00:00 ztx-controller-135 cinder-api: 2017-08-25 10:00:00.730 22092 INFO eventlet.wsgi.server [-] 172.16.1.136 - - [25/Aug/2017 10:00:00] "OPTIONS / HTTP/1.0" 200 282 0.002898
2017-08-25 10:00:00 ztx-controller-135 Keepalived_vrrp[1631]: pid 17427 exited with status 1
2017-08-25 10:00:00 ztx-controller-135 logger: migration-monitor check service: process not exist
2017-08-25 10:00:01.267 31426 DEBUG nova.servicegroup.drivers.db [-] Report_state  _report_state /usr/lib/python2.7/site-packages/nova/servicegroup/drivers/db.py:92
2017-08-25 10:00:01.508 16825 INFO eventlet.wsgi.server [-] 172.16.1.135 - - [25/Aug/2017 10:00:01] "OPTIONS /versions HTTP/1.0" 200 797 0.001337
2017-08-25 10:00:01.604 14340 DEBUG nova.osapi_compute.wsgi.server [-] (14340) accepted ('172.16.1.136', 54645) server /usr/lib/python2.7/site-packages/eventlet/wsgi.py:826
2017-08-25 10:00:01.605 14340 DEBUG nova.api.openstack.wsgi [-] Calling method '<bound method Versions.index of <nova.api.openstack.compute.versions.Versions object at 0x70ee990>>' _process_stack /usr/lib/python2.7/site-packages/nova/api/openstack/wsgi.py:792
2017-08-25 10:00:01.606 14340 INFO nova.osapi_compute.wsgi.server [-] 172.16.1.136 "OPTIONS / HTTP/1.0" status: 200 len: 501 time: 0.0012760
2017-08-25 10:00:01.727748 mon.0 10.1.0.134:6789/0 280413 : cluster [INF] pgmap v22460271: 1396 pgs: 1382 active+clean, 14 active+clean+inconsistent; 5291 GB data, 15696 GB used, 8427 GB / 24124 GB avail; 3518 kB/s rd, 562 kB/s wr, 90 op/s
2017-08-25 10:00:01.866 10414 DEBUG keystone.middleware.core [req-7be95774-7b2e-48c9-ba05-32834b646c5e - - - - -] There is either no auth token in the request or the certificate issuer is not trusted. No auth context will be set. process_request /usr/lib/python2.7/site-packages/keystone/middleware/core.py:310
2017-08-25 10:00:01.868 10414 INFO keystone.common.wsgi [req-7be95774-7b2e-48c9-ba05-32834b646c5e - - - - -] GET http://172.16.1.135:5000/v3/
2017-08-25 10:00:01.870 10414 INFO eventlet.wsgi.server [req-7be95774-7b2e-48c9-ba05-32834b646c5e - - - - -] 172.16.1.135 - - [25/Aug/2017 10:00:01] "GET /v3 HTTP/1.0" 200 465 0.003785
2017-08-25 10:00:01.945 14353 DEBUG nova.metadata.wsgi.server [-] (14353) accepted ('172.16.1.136', 39647) server /usr/lib/python2.7/site-packages/eventlet/wsgi.py:826
2017-08-25 10:00:01.946 14353 INFO nova.api.ec2 [-] 0.239s 172.16.1.136 OPTIONS / None:None 200 [None] text/plain text/plain
2017-08-25 10:00:01.947 14353 INFO nova.metadata.wsgi.server [-] 172.16.1.136 "OPTIONS / HTTP/1.0" status: 200 len: 234 time: 0.0010080
2017-08-25 10:00:01 ztx-controller-135 kernel: audit_printk_skb: 51 callbacks suppressed
2017-08-25 10:00:01 ztx-controller-135 kernel: type=1006 audit(1503626401.675:9109647): pid=17435 uid=0 old-auid=4294967295 auid=0 old-ses=4294967295 ses=1120730 res=1
2017-08-25 10:00:01 ztx-controller-135 kernel: type=1006 audit(1503626401.675:9109650): pid=17436 uid=0 old-auid=4294967295 auid=163 old-ses=4294967295 ses=1120731 res=1
2017-08-25 10:00:01 ztx-controller-135 kernel: type=1101 audit(1503626401.675:9109645): pid=17435 uid=0 auid=4294967295 ses=4294967295 msg='op=PAM:accounting grantors=pam_access,pam_unix,pam_localuser acct="root" exe="/usr/sbin/crond" hostname=? addr=? terminal=cron res=success'
2017-08-25 10:00:01 ztx-controller-135 kernel: type=1101 audit(1503626401.675:9109648): pid=17436 uid=0 auid=4294967295 ses=4294967295 msg='op=PAM:accounting grantors=pam_access,pam_unix,pam_localuser acct="keystone" exe="/usr/sbin/crond" hostname=? addr=? terminal=cron res=success'
2017-08-25 10:00:01 ztx-controller-135 kernel: type=1103 audit(1503626401.675:9109646): pid=17435 uid=0 auid=4294967295 ses=4294967295 msg='op=PAM:setcred grantors=pam_env,pam_unix acct="root" exe="/usr/sbin/crond" hostname=? addr=? terminal=cron res=success'
2017-08-25 10:00:01 ztx-controller-135 kernel: type=1103 audit(1503626401.675:9109649): pid=17436 uid=0 auid=4294967295 ses=4294967295 msg='op=PAM:setcred grantors=pam_env,pam_unix acct="keystone" exe="/usr/sbin/crond" hostname=? addr=? terminal=cron res=success'
2017-08-25 10:00:01 ztx-controller-135 kernel: type=1105 audit(1503626401.685:9109651): pid=17435 uid=0 auid=0 ses=1120730 msg='op=PAM:session_open grantors=pam_loginuid,pam_keyinit,pam_limits,pam_systemd acct="root" exe="/usr/sbin/crond" hostname=? addr=? terminal=cron res=success'
2017-08-25 10:00:01 ztx-controller-135 kernel: type=1105 audit(1503626401.685:9109653): pid=17436 uid=0 auid=163 ses=1120731 msg='op=PAM:session_open grantors=pam_loginuid,pam_keyinit,pam_limits,pam_systemd acct="keystone" exe="/usr/sbin/crond" hostname=? addr=? terminal=cron res=success'
2017-08-25 10:00:01 ztx-controller-135 kernel: type=1110 audit(1503626401.685:9109652): pid=17435 uid=0 auid=0 ses=1120730 msg='op=PAM:setcred grantors=pam_env,pam_unix acct="root" exe="/usr/sbin/crond" hostname=? addr=? terminal=cron res=success'
2017-08-25 10:00:01 ztx-controller-135 kernel: type=1110 audit(1503626401.686:9109654): pid=17436 uid=0 auid=163 ses=1120731 msg='op=PAM:setcred grantors=pam_env,pam_unix acct="keystone" exe="/usr/sbin/crond" hostname=? addr=? terminal=cron res=success'
2017-08-25 10:00:01 ztx-controller-135 systemd: Created slice user-163.slice.
2017-08-25 10:00:01 ztx-controller-135 systemd: Started Session 1120730 of user root.
2017-08-25 10:00:01 ztx-controller-135 systemd: Started Session 1120731 of user keystone.
2017-08-25 10:00:01 ztx-controller-135 systemd: Starting Session 1120730 of user root.
2017-08-25 10:00:01 ztx-controller-135 systemd: Starting Session 1120731 of user keystone.
2017-08-25 10:00:01 ztx-controller-135 systemd: Starting user-163.slice.
2017-08-25 10:00:01 ztx-controller-135 xinetd[1635]: START: galeracheck pid=17451 from=172.16.1.134
2017-08-25 10:00:02.186 10413 DEBUG keystone.middleware.core [req-412bbe6f-1091-4e96-bf2f-dd9d14a7cc93 - - - - -] There is either no auth token in the request or the certificate issuer is not trusted. No auth context will be set. process_request /usr/lib/python2.7/site-packages/keystone/middleware/core.py:310
2017-08-25 10:00:02.188 10413 INFO keystone.common.wsgi [req-412bbe6f-1091-4e96-bf2f-dd9d14a7cc93 - - - - -] GET http://172.16.1.135:35357/v3/
2017-08-25 10:00:02.189 10413 INFO eventlet.wsgi.server [req-412bbe6f-1091-4e96-bf2f-dd9d14a7cc93 - - - - -] 172.16.1.134 - - [25/Aug/2017 10:00:02] "GET /v3 HTTP/1.0" 200 466 0.003632
2017-08-25 10:00:02.192 7924 DEBUG neutron.api.rpc.handlers.dhcp_rpc [req-84ed4126-6896-4eeb-a967-0f5cba442680 - - - - -] get_active_networks_info from ztx-compute-138 get_active_networks_info /usr/lib/python2.7/site-packages/neutron/api/rpc/handlers/dhcp_rpc.py:129
2017-08-25 10:00:02.275 22095 DEBUG eventlet.wsgi.server [-] (22095) accepted ('172.16.1.135', 47541) server /usr/lib/python2.7/site-packages/eventlet/wsgi.py:826
2017-08-25 10:00:02.277 22095 DEBUG cinder.api.openstack.wsgi [-] Empty body provided in request get_body /usr/lib/python2.7/site-packages/cinder/api/openstack/wsgi.py:862
2017-08-25 10:00:02.277 22095 INFO cinder.api.openstack.wsgi [-] OPTIONS http://172.16.1.135:8776/
2017-08-25 10:00:02.278 22095 INFO cinder.api.openstack.wsgi [-] http://172.16.1.135:8776/ returned with HTTP 200
2017-08-25 10:00:02.279 22095 INFO eventlet.wsgi.server [-] 172.16.1.135 - - [25/Aug/2017 10:00:02] "OPTIONS / HTTP/1.0" 200 282 0.002930
2017-08-25 10:00:02.375 17439 DEBUG oslo_db.sqlalchemy.engines [-] MySQL server mode set to STRICT_TRANS_TABLES,STRICT_ALL_TABLES,NO_ZERO_IN_DATE,NO_ZERO_DATE,ERROR_FOR_DIVISION_BY_ZERO,TRADITIONAL,NO_AUTO_CREATE_USER,NO_ENGINE_SUBSTITUTION _check_effective_sql_mode /usr/lib/python2.7/site-packages/oslo_db/sqlalchemy/engines.py:256
2017-08-25 10:00:02.379 17439 DEBUG keystone.token.persistence.backends.sql [-] Token expiration batch size: 1000 _expiry_range_batched /usr/lib/python2.7/site-packages/keystone/token/persistence/backends/sql.py:63
2017-08-25 10:00:02.381 14353 DEBUG nova.metadata.wsgi.server [-] (14353) accepted ('172.16.1.134', 2410) server /usr/lib/python2.7/site-packages/eventlet/wsgi.py:826
2017-08-25 10:00:02.382 14353 INFO nova.api.ec2 [-] 0.170s 172.16.1.134 OPTIONS / None:None 200 [None] text/plain text/plain
2017-08-25 10:00:02.383 14353 INFO nova.metadata.wsgi.server [-] 172.16.1.134 "OPTIONS / HTTP/1.0" status: 200 len: 234 time: 0.0008211
2017-08-25 10:00:02.387 17439 DEBUG keystone.token.persistence.backends.sql [-] Removed 0 total expired tokens flush_expired_tokens /usr/lib/python2.7/site-packages/keystone/token/persistence/backends/sql.py:290
2017-08-25 10:00:02.388 17439 INFO keystone.token.persistence.backends.sql [-] Total expired tokens removed: 0
2017-08-25 10:00:02.478 16825 INFO eventlet.wsgi.server [-] 172.16.1.134 - - [25/Aug/2017 10:00:02] "OPTIONS /versions HTTP/1.0" 200 797 0.001290
2017-08-25 10:00:02.731695 mon.0 10.1.0.134:6789/0 280414 : cluster [INF] pgmap v22460272: 1396 pgs: 1382 active+clean, 14 active+clean+inconsistent; 5291 GB data, 15696 GB used, 8427 GB / 24124 GB avail; 574 kB/s rd, 768 kB/s wr, 146 op/s
2017-08-25 10:00:02.970 7910 INFO neutron.wsgi [-] (7910) accepted ('172.16.1.135', 5030)
2017-08-25 10:00:02.973 7910 INFO neutron.wsgi [-] 172.16.1.135 - - [25/Aug/2017 10:00:02] "OPTIONS / HTTP/1.0" 200 263 0.000882
2017-08-25 10:00:02 ztx-controller-135 cinder-api: 2017-08-25 10:00:02.275 22095 DEBUG eventlet.wsgi.server [-] (22095) accepted ('172.16.1.135', 47541) server /usr/lib/python2.7/site-packages/eventlet/wsgi.py:826
2017-08-25 10:00:02 ztx-controller-135 cinder-api: 2017-08-25 10:00:02.277 22095 DEBUG cinder.api.openstack.wsgi [-] Empty body provided in request get_body /usr/lib/python2.7/site-packages/cinder/api/openstack/wsgi.py:862
2017-08-25 10:00:02 ztx-controller-135 cinder-api: 2017-08-25 10:00:02.277 22095 INFO cinder.api.openstack.wsgi [-] OPTIONS http://172.16.1.135:8776/
2017-08-25 10:00:02 ztx-controller-135 cinder-api: 2017-08-25 10:00:02.278 22095 INFO cinder.api.openstack.wsgi [-] http://172.16.1.135:8776/ returned with HTTP 200
2017-08-25 10:00:02 ztx-controller-135 cinder-api: 2017-08-25 10:00:02.279 22095 INFO eventlet.wsgi.server [-] 172.16.1.135 - - [25/Aug/2017 10:00:02] "OPTIONS / HTTP/1.0" 200 282 0.002930
2017-08-25 10:00:02 ztx-controller-135 Keepalived_vrrp[1631]: pid 17457 exited with status 1
2017-08-25 10:00:02 ztx-controller-135 logger: migration-monitor check service: process not exist
2017-08-25 10:00:02 ztx-controller-135 systemd: Removed slice user-163.slice.
2017-08-25 10:00:02 ztx-controller-135 systemd: Stopping user-163.slice.
2017-08-25 10:00:02 ztx-controller-135 xinetd[1635]: EXIT: galeracheck status=0 pid=17451 duration=1(sec)
2017-08-25 10:00:03.058 14341 DEBUG nova.osapi_compute.wsgi.server [-] (14341) accepted ('172.16.1.134', 14855) server /usr/lib/python2.7/site-packages/eventlet/wsgi.py:826
2017-08-25 10:00:03.061 14341 DEBUG nova.api.openstack.wsgi [-] Calling method '<bound method Versions.index of <nova.api.openstack.compute.versions.Versions object at 0x70ee990>>' _process_stack /usr/lib/python2.7/site-packages/nova/api/openstack/wsgi.py:792
2017-08-25 10:00:03.062 14341 INFO nova.osapi_compute.wsgi.server [-] 172.16.1.134 "OPTIONS / HTTP/1.0" status: 200 len: 501 time: 0.0020549
2017-08-25 10:00:03.128 7913 INFO neutron.wsgi [-] (7913) accepted ('172.16.1.134', 2381)
2017-08-25 10:00:03.132 7913 INFO neutron.wsgi [-] 172.16.1.134 - - [25/Aug/2017 10:00:03] "OPTIONS / HTTP/1.0" 200 263 0.001172
2017-08-25 10:00:03.630 7909 INFO neutron.wsgi [-] (7909) accepted ('172.16.1.136', 28675)
2017-08-25 10:00:03.634 7909 INFO neutron.wsgi [-] 172.16.1.136 - - [25/Aug/2017 10:00:03] "OPTIONS / HTTP/1.0" 200 263 0.001131
2017-08-25 10:00:03.742123 mon.0 10.1.0.134:6789/0 280415 : cluster [INF] pgmap v22460273: 1396 pgs: 1382 active+clean, 14 active+clean+inconsistent; 5291 GB data, 15696 GB used, 8427 GB / 24124 GB avail; 6313 kB/s rd, 1091 kB/s wr, 423 op/s
2017-08-25 10:00:03 ztx-controller-135 xinetd[1635]: EXIT: galeracheck signal=13 pid=17467 duration=0(sec)
2017-08-25 10:00:03 ztx-controller-135 xinetd[1635]: START: galeracheck pid=17467 from=172.16.1.135
2017-08-25 10:00:04.747463 mon.0 10.1.0.134:6789/0 280416 : cluster [INF] pgmap v22460274: 1396 pgs: 1382 active+clean, 14 active+clean+inconsistent; 5291 GB data, 15696 GB used, 8427 GB / 24124 GB avail; 5870 kB/s rd, 960 kB/s wr, 377 op/s
2017-08-25 10:00:04.836 14298 DEBUG oslo_concurrency.lockutils [req-fc04a497-15b3-483b-bb41-b57361d92b4b - - - - -] Lock "host_instance" acquired by "nova.scheduler.host_manager.sync_instance_info" :: waited 0.000s inner /usr/lib/python2.7/site-packages/oslo_concurrency/lockutils.py:253
2017-08-25 10:00:04.837 14298 DEBUG oslo_concurrency.lockutils [req-fc04a497-15b3-483b-bb41-b57361d92b4b - - - - -] Lock "host_instance" released by "nova.scheduler.host_manager.sync_instance_info" :: held 0.001s inner /usr/lib/python2.7/site-packages/oslo_concurrency/lockutils.py:265
2017-08-25 10:00:04.837 14298 INFO nova.scheduler.host_manager [req-fc04a497-15b3-483b-bb41-b57361d92b4b - - - - -] Successfully synced instances from host 'ztx-compute-151'.
2017-08-25 10:00:04.957 22098 DEBUG eventlet.wsgi.server [-] (22098) accepted ('172.16.1.134', 58584) server /usr/lib/python2.7/site-packages/eventlet/wsgi.py:826
2017-08-25 10:00:04.960 22098 DEBUG cinder.api.openstack.wsgi [-] Empty body provided in request get_body /usr/lib/python2.7/site-packages/cinder/api/openstack/wsgi.py:862
2017-08-25 10:00:04.960 22098 INFO cinder.api.openstack.wsgi [-] OPTIONS http://172.16.1.135:8776/
2017-08-25 10:00:04.962 22098 INFO cinder.api.openstack.wsgi [-] http://172.16.1.135:8776/ returned with HTTP 200
2017-08-25 10:00:04.963 22098 INFO eventlet.wsgi.server [-] 172.16.1.134 - - [25/Aug/2017 10:00:04] "OPTIONS / HTTP/1.0" 200 282 0.003964
2017-08-25 10:00:04 ztx-controller-135 cinder-api: 2017-08-25 10:00:04.957 22098 DEBUG eventlet.wsgi.server [-] (22098) accepted ('172.16.1.134', 58584) server /usr/lib/python2.7/site-packages/eventlet/wsgi.py:826
2017-08-25 10:00:04 ztx-controller-135 cinder-api: 2017-08-25 10:00:04.960 22098 DEBUG cinder.api.openstack.wsgi [-] Empty body provided in request get_body /usr/lib/python2.7/site-packages/cinder/api/openstack/wsgi.py:862
2017-08-25 10:00:04 ztx-controller-135 cinder-api: 2017-08-25 10:00:04.960 22098 INFO cinder.api.openstack.wsgi [-] OPTIONS http://172.16.1.135:8776/
2017-08-25 10:00:04 ztx-controller-135 cinder-api: 2017-08-25 10:00:04.962 22098 INFO cinder.api.openstack.wsgi [-] http://172.16.1.135:8776/ returned with HTTP 200
2017-08-25 10:00:04 ztx-controller-135 cinder-api: 2017-08-25 10:00:04.963 22098 INFO eventlet.wsgi.server [-] 172.16.1.134 - - [25/Aug/2017 10:00:04] "OPTIONS / HTTP/1.0" 200 282 0.003964
2017-08-25 10:00:04 ztx-controller-135 Keepalived_vrrp[1631]: pid 17473 exited with status 1
2017-08-25 10:00:04 ztx-controller-135 logger: migration-monitor check service: process not exist
2017-08-25 10:00:05.043 7916 INFO neutron.wsgi [-] (7916) accepted ('172.16.1.136', 28688)
2017-08-25 10:00:05.046 7916 DEBUG keystoneclient.session [-] REQ: curl -g -i -X GET http://172.16.1.165:35357/v3/auth/tokens -H "X-Subject-Token: {SHA1}e257529e7d3efac93de680ed8d1950233b0c85a1" -H "User-Agent: python-keystoneclient" -H "Accept: application/json" -H "X-Auth-Token: {SHA1}e59d2f46b20e335a1bfb078b52765a154a319a51" _http_log_request /usr/lib/python2.7/site-packages/keystoneclient/session.py:198
2017-08-25 10:00:05.082 31418 DEBUG nova.servicegroup.drivers.db [-] Report_state  _report_state /usr/lib/python2.7/site-packages/nova/servicegroup/drivers/db.py:92
2017-08-25 10:00:05.170 7916 DEBUG keystoneclient.session [-] RESP: [200] content-length: 7458 x-subject-token: {SHA1}e257529e7d3efac93de680ed8d1950233b0c85a1 vary: X-Auth-Token connection: close date: Fri, 25 Aug 2017 02:00:05 GMT content-type: application/json x-openstack-request-id: req-e148866d-765c-4dae-9c29-ea99f57f6d44 
2017-08-25 10:00:05.182 7916 INFO neutron.wsgi [req-c71e0502-e420-4509-b20a-cb3e30ecfe63 d5e31c9a06e04727b8d858ecad5f9203 2451791b57de46d6bc8ebd588b58d0ae - - -] 172.16.1.136 - - [25/Aug/2017 10:00:05] "GET /v2.0/floatingips.json?fixed_ip_address=172.16.5.121&port_id=64771064-3172-4cd7-93ae-b3075f266b0b HTTP/1.1" 200 227 0.137037
2017-08-25 10:00:05.753343 mon.0 10.1.0.134:6789/0 280417 : cluster [INF] pgmap v22460275: 1396 pgs: 1382 active+clean, 14 active+clean+inconsistent; 5291 GB data, 15696 GB used, 8427 GB / 24124 GB avail; 20296 kB/s rd, 801 kB/s wr, 504 op/s
2017-08-25 10:00:06.733 10414 DEBUG keystone.middleware.core [req-b29231f8-f684-4a3e-a81b-ff1236978b8c - - - - -] There is either no auth token in the request or the certificate issuer is not trusted. No auth context will be set. process_request /usr/lib/python2.7/site-packages/keystone/middleware/core.py:310
2017-08-25 10:00:06.735 10414 INFO keystone.common.wsgi [req-b29231f8-f684-4a3e-a81b-ff1236978b8c - - - - -] GET http://172.16.1.135:5000/v3/
2017-08-25 10:00:06.736 10414 INFO eventlet.wsgi.server [req-b29231f8-f684-4a3e-a81b-ff1236978b8c - - - - -] 172.16.1.136 - - [25/Aug/2017 10:00:06] "GET /v3 HTTP/1.0" 200 465 0.003639
2017-08-25 10:00:06.755278 mon.0 10.1.0.134:6789/0 280418 : cluster [INF] pgmap v22460276: 1396 pgs: 1382 active+clean, 14 active+clean+inconsistent; 5291 GB data, 15696 GB used, 8427 GB / 24124 GB avail; 20221 kB/s rd, 216 kB/s wr, 415 op/s
2017-08-25 10:00:06 ztx-controller-135 Keepalived_vrrp[1631]: pid 17481 exited with status 1
2017-08-25 10:00:06 ztx-controller-135 logger: migration-monitor check service: process not exist
2017-08-25 10:00:06 ztx-controller-135 xinetd[1635]: EXIT: galeracheck status=0 pid=17489 duration=0(sec)
2017-08-25 10:00:06 ztx-controller-135 xinetd[1635]: START: galeracheck pid=17489 from=172.16.1.136
2017-08-25 10:00:07.480 7923 DEBUG neutron.api.rpc.handlers.dhcp_rpc [req-84ed4126-6896-4eeb-a967-0f5cba442680 - - - - -] get_active_networks_info from ztx-compute-138 get_active_networks_info /usr/lib/python2.7/site-packages/neutron/api/rpc/handlers/dhcp_rpc.py:129
2017-08-25 10:00:07.759 16825 INFO eventlet.wsgi.server [-] 172.16.1.136 - - [25/Aug/2017 10:00:07] "OPTIONS /versions HTTP/1.0" 200 797 0.001392
2017-08-25 10:00:07.765802 mon.0 10.1.0.134:6789/0 280419 : cluster [INF] pgmap v22460277: 1396 pgs: 1382 active+clean, 14 active+clean+inconsistent; 5291 GB data, 15696 GB used, 8427 GB / 24124 GB avail; 308 kB/s rd, 340 kB/s wr, 119 op/s
2017-08-25 10:00:07.777 14298 DEBUG oslo_service.periodic_task [req-07a80db7-80d5-4ffa-8769-ad3536cf64a0 - - - - -] Running periodic task SchedulerManager._run_periodic_tasks run_periodic_tasks /usr/lib/python2.7/site-packages/oslo_service/periodic_task.py:213
2017-08-25 10:00:08.717 10413 DEBUG keystone.middleware.core [req-8e29354b-a192-4f11-b5a5-cee9018d2f9c - - - - -] There is either no auth token in the request or the certificate issuer is not trusted. No auth context will be set. process_request /usr/lib/python2.7/site-packages/keystone/middleware/core.py:310
2017-08-25 10:00:08.719 10413 INFO keystone.common.wsgi [req-8e29354b-a192-4f11-b5a5-cee9018d2f9c - - - - -] GET http://172.16.1.135:35357/v3/
2017-08-25 10:00:08.720 10413 INFO eventlet.wsgi.server [req-8e29354b-a192-4f11-b5a5-cee9018d2f9c - - - - -] 172.16.1.135 - - [25/Aug/2017 10:00:08] "GET /v3 HTTP/1.0" 200 466 0.003613
2017-08-25 10:00:08.772261 mon.0 10.1.0.134:6789/0 280420 : cluster [INF] pgmap v22460278: 1396 pgs: 1382 active+clean, 14 active+clean+inconsistent; 5291 GB data, 15696 GB used, 8427 GB / 24124 GB avail; 3391 kB/s rd, 763 kB/s wr, 257 op/s
2017-08-25 10:00:08 ztx-controller-135 Keepalived_vrrp[1631]: pid 17495 exited with status 1
2017-08-25 10:00:08 ztx-controller-135 logger: migration-monitor check service: process not exist
2017-08-25 10:00:09.182 10414 DEBUG keystone.middleware.core [req-0be15c10-cefe-4f9f-bfcf-fb0b523af7bb - - - - -] There is either no auth token in the request or the certificate issuer is not trusted. No auth context will be set. process_request /usr/lib/python2.7/site-packages/keystone/middleware/core.py:310
2017-08-25 10:00:09.184 10414 INFO keystone.common.wsgi [req-0be15c10-cefe-4f9f-bfcf-fb0b523af7bb - - - - -] GET http://172.16.1.135:5000/v3/
2017-08-25 10:00:09.185 10414 INFO eventlet.wsgi.server [req-0be15c10-cefe-4f9f-bfcf-fb0b523af7bb - - - - -] 172.16.1.134 - - [25/Aug/2017 10:00:09] "GET /v3 HTTP/1.0" 200 465 0.003816
2017-08-25 10:00:09.368 14298 DEBUG oslo_concurrency.lockutils [req-8611bd1b-76da-4f82-b932-e41b84b81c28 - - - - -] Lock "host_instance" acquired by "nova.scheduler.host_manager.sync_instance_info" :: waited 0.000s inner /usr/lib/python2.7/site-packages/oslo_concurrency/lockutils.py:253
2017-08-25 10:00:09.368 14298 INFO nova.scheduler.host_manager [req-8611bd1b-76da-4f82-b932-e41b84b81c28 - - - - -] Successfully synced instances from host 'ztx-compute-149'.
2017-08-25 10:00:09.369 14298 DEBUG oslo_concurrency.lockutils [req-8611bd1b-76da-4f82-b932-e41b84b81c28 - - - - -] Lock "host_instance" released by "nova.scheduler.host_manager.sync_instance_info" :: held 0.001s inner /usr/lib/python2.7/site-packages/oslo_concurrency/lockutils.py:265
2017-08-25 10:00:09.486 14341 DEBUG nova.osapi_compute.wsgi.server [-] (14341) accepted ('172.16.1.135', 10447) server /usr/lib/python2.7/site-packages/eventlet/wsgi.py:826
2017-08-25 10:00:09.487 14341 DEBUG nova.api.openstack.wsgi [-] Calling method '<bound method Versions.index of <nova.api.openstack.compute.versions.Versions object at 0x70ee990>>' _process_stack /usr/lib/python2.7/site-packages/nova/api/openstack/wsgi.py:792
2017-08-25 10:00:09.488 14341 INFO nova.osapi_compute.wsgi.server [-] 172.16.1.135 "OPTIONS / HTTP/1.0" status: 200 len: 501 time: 0.0013351
2017-08-25 10:00:09.777944 mon.0 10.1.0.134:6789/0 280421 : cluster [INF] pgmap v22460279: 1396 pgs: 1382 active+clean, 14 active+clean+inconsistent; 5291 GB data, 15696 GB used, 8427 GB / 24124 GB avail; 20736 kB/s rd, 710 kB/s wr, 634 op/s
2017-08-25 10:00:09.945 10413 DEBUG keystone.middleware.core [req-555d4672-741d-49ea-918e-7b30a4918e92 - - - - -] There is either no auth token in the request or the certificate issuer is not trusted. No auth context will be set. process_request /usr/lib/python2.7/site-packages/keystone/middleware/core.py:310
2017-08-25 10:00:09.946 10413 INFO keystone.common.wsgi [req-555d4672-741d-49ea-918e-7b30a4918e92 - - - - -] GET http://172.16.1.135:35357/v3/
2017-08-25 10:00:09.948 10413 INFO eventlet.wsgi.server [req-555d4672-741d-49ea-918e-7b30a4918e92 - - - - -] 172.16.1.136 - - [25/Aug/2017 10:00:09] "GET /v3 HTTP/1.0" 200 466 0.003611
2017-08-25 10:00:10.518 22090 DEBUG eventlet.wsgi.server [-] (22090) accepted ('172.16.1.136', 63466) server /usr/lib/python2.7/site-packages/eventlet/wsgi.py:826
2017-08-25 10:00:10.521 22090 DEBUG cinder.api.openstack.wsgi [-] Empty body provided in request get_body /usr/lib/python2.7/site-packages/cinder/api/openstack/wsgi.py:862
2017-08-25 10:00:10.521 22090 INFO cinder.api.openstack.wsgi [-] OPTIONS http://172.16.1.135:8776/
2017-08-25 10:00:10.523 22090 INFO cinder.api.openstack.wsgi [-] http://172.16.1.135:8776/ returned with HTTP 200
2017-08-25 10:00:10.523 22090 INFO eventlet.wsgi.server [-] 172.16.1.136 - - [25/Aug/2017 10:00:10] "OPTIONS / HTTP/1.0" 200 282 0.003347
2017-08-25 10:00:10.784030 mon.0 10.1.0.134:6789/0 280422 : cluster [INF] pgmap v22460280: 1396 pgs: 1382 active+clean, 14 active+clean+inconsistent; 5291 GB data, 15696 GB used, 8427 GB / 24124 GB avail; 20939 kB/s rd, 530 kB/s wr, 629 op/s
2017-08-25 10:00:10 ztx-controller-135 cinder-api: 2017-08-25 10:00:10.518 22090 DEBUG eventlet.wsgi.server [-] (22090) accepted ('172.16.1.136', 63466) server /usr/lib/python2.7/site-packages/eventlet/wsgi.py:826
2017-08-25 10:00:10 ztx-controller-135 cinder-api: 2017-08-25 10:00:10.521 22090 DEBUG cinder.api.openstack.wsgi [-] Empty body provided in request get_body /usr/lib/python2.7/site-packages/cinder/api/openstack/wsgi.py:862
2017-08-25 10:00:10 ztx-controller-135 cinder-api: 2017-08-25 10:00:10.521 22090 INFO cinder.api.openstack.wsgi [-] OPTIONS http://172.16.1.135:8776/
2017-08-25 10:00:10 ztx-controller-135 cinder-api: 2017-08-25 10:00:10.523 22090 INFO cinder.api.openstack.wsgi [-] http://172.16.1.135:8776/ returned with HTTP 200
2017-08-25 10:00:10 ztx-controller-135 cinder-api: 2017-08-25 10:00:10.523 22090 INFO eventlet.wsgi.server [-] 172.16.1.136 - - [25/Aug/2017 10:00:10] "OPTIONS / HTTP/1.0" 200 282 0.003347
2017-08-25 10:00:10 ztx-controller-135 Keepalived_vrrp[1631]: pid 17505 exited with status 1
2017-08-25 10:00:10 ztx-controller-135 logger: migration-monitor check service: process not exist
2017-08-25 10:00:11.117 14353 DEBUG nova.metadata.wsgi.server [-] (14353) accepted ('172.16.1.135', 17497) server /usr/lib/python2.7/site-packages/eventlet/wsgi.py:826
2017-08-25 10:00:11.119 14353 INFO nova.api.ec2 [-] 0.236s 172.16.1.135 OPTIONS / None:None 200 [None] text/plain text/plain
2017-08-25 10:00:11.119 14353 INFO nova.metadata.wsgi.server [-] 172.16.1.135 "OPTIONS / HTTP/1.0" status: 200 len: 234 time: 0.0011802
2017-08-25 10:00:11.224 16825 INFO eventlet.wsgi.server [-] 172.16.1.135 - - [25/Aug/2017 10:00:11] "OPTIONS /versions HTTP/1.0" 200 797 0.001254
2017-08-25 10:00:11.654 10415 DEBUG keystone.middleware.core [req-9bcd8b87-ca25-4104-b782-63962b1e6e98 - - - - -] There is either no auth token in the request or the certificate issuer is not trusted. No auth context will be set. process_request /usr/lib/python2.7/site-packages/keystone/middleware/core.py:310
2017-08-25 10:00:11.656 10415 INFO keystone.common.wsgi [req-9bcd8b87-ca25-4104-b782-63962b1e6e98 - - - - -] GET http://172.16.1.135:5000/v3/
2017-08-25 10:00:11.657 10415 INFO eventlet.wsgi.server [req-9bcd8b87-ca25-4104-b782-63962b1e6e98 - - - - -] 172.16.1.135 - - [25/Aug/2017 10:00:11] "GET /v3 HTTP/1.0" 200 465 0.003823
2017-08-25 10:00:11.771 14353 DEBUG nova.metadata.wsgi.server [-] (14353) accepted ('172.16.1.136', 39723) server /usr/lib/python2.7/site-packages/eventlet/wsgi.py:826
2017-08-25 10:00:11.772 14353 INFO nova.api.ec2 [-] 0.248s 172.16.1.136 OPTIONS / None:None 200 [None] text/plain text/plain
2017-08-25 10:00:11.773 14353 INFO nova.metadata.wsgi.server [-] 172.16.1.136 "OPTIONS / HTTP/1.0" status: 200 len: 234 time: 0.0011470
2017-08-25 10:00:11.789222 mon.0 10.1.0.134:6789/0 280423 : cluster [INF] pgmap v22460281: 1396 pgs: 1382 active+clean, 14 active+clean+inconsistent; 5291 GB data, 15696 GB used, 8427 GB / 24124 GB avail; 3277 kB/s rd, 262 kB/s wr, 145 op/s
2017-08-25 10:00:11.858 14341 DEBUG nova.osapi_compute.wsgi.server [-] (14341) accepted ('172.16.1.136', 54726) server /usr/lib/python2.7/site-packages/eventlet/wsgi.py:826
2017-08-25 10:00:11.859 14341 DEBUG nova.api.openstack.wsgi [-] Calling method '<bound method Versions.index of <nova.api.openstack.compute.versions.Versions object at 0x70ee990>>' _process_stack /usr/lib/python2.7/site-packages/nova/api/openstack/wsgi.py:792
2017-08-25 10:00:11.860 14341 INFO nova.osapi_compute.wsgi.server [-] 172.16.1.136 "OPTIONS / HTTP/1.0" status: 200 len: 501 time: 0.0013149
2017-08-25 10:00:12.156 14353 DEBUG nova.metadata.wsgi.server [-] (14353) accepted ('172.16.1.134', 2476) server /usr/lib/python2.7/site-packages/eventlet/wsgi.py:826
2017-08-25 10:00:12.158 14353 INFO nova.api.ec2 [-] 0.216s 172.16.1.134 OPTIONS / None:None 200 [None] text/plain text/plain
2017-08-25 10:00:12.159 14353 INFO nova.metadata.wsgi.server [-] 172.16.1.134 "OPTIONS / HTTP/1.0" status: 200 len: 234 time: 0.0010540
2017-08-25 10:00:12.428 22094 DEBUG eventlet.wsgi.server [-] (22094) accepted ('172.16.1.135', 47608) server /usr/lib/python2.7/site-packages/eventlet/wsgi.py:826
2017-08-25 10:00:12.430 22094 DEBUG cinder.api.openstack.wsgi [-] Empty body provided in request get_body /usr/lib/python2.7/site-packages/cinder/api/openstack/wsgi.py:862
2017-08-25 10:00:12.430 22094 INFO cinder.api.openstack.wsgi [-] OPTIONS http://172.16.1.135:8776/
2017-08-25 10:00:12.431 22094 INFO cinder.api.openstack.wsgi [-] http://172.16.1.135:8776/ returned with HTTP 200
2017-08-25 10:00:12.432 22094 INFO eventlet.wsgi.server [-] 172.16.1.135 - - [25/Aug/2017 10:00:12] "OPTIONS / HTTP/1.0" 200 282 0.002943
2017-08-25 10:00:12.462 16825 INFO eventlet.wsgi.server [-] 172.16.1.134 - - [25/Aug/2017 10:00:12] "OPTIONS /versions HTTP/1.0" 200 797 0.001294
2017-08-25 10:00:12.483 10413 DEBUG keystone.middleware.core [req-02ab2f5e-53ba-4694-ac14-6f5802365e30 - - - - -] There is either no auth token in the request or the certificate issuer is not trusted. No auth context will be set. process_request /usr/lib/python2.7/site-packages/keystone/middleware/core.py:310
2017-08-25 10:00:12.484 10413 INFO keystone.common.wsgi [req-02ab2f5e-53ba-4694-ac14-6f5802365e30 - - - - -] GET http://172.16.1.135:35357/v3/
2017-08-25 10:00:12.486 10413 INFO eventlet.wsgi.server [req-02ab2f5e-53ba-4694-ac14-6f5802365e30 - - - - -] 172.16.1.134 - - [25/Aug/2017 10:00:12] "GET /v3 HTTP/1.0" 200 466 0.003591
2017-08-25 10:00:12.780 7924 DEBUG neutron.api.rpc.handlers.dhcp_rpc [req-84ed4126-6896-4eeb-a967-0f5cba442680 - - - - -] get_active_networks_info from ztx-compute-138 get_active_networks_info /usr/lib/python2.7/site-packages/neutron/api/rpc/handlers/dhcp_rpc.py:129
2017-08-25 10:00:12.793174 mon.0 10.1.0.134:6789/0 280424 : cluster [INF] pgmap v22460282: 1396 pgs: 1382 active+clean, 14 active+clean+inconsistent; 5291 GB data, 15696 GB used, 8427 GB / 24124 GB avail; 36662 B/s rd, 282 kB/s wr, 103 op/s
2017-08-25 10:00:12 ztx-controller-135 cinder-api: 2017-08-25 10:00:12.428 22094 DEBUG eventlet.wsgi.server [-] (22094) accepted ('172.16.1.135', 47608) server /usr/lib/python2.7/site-packages/eventlet/wsgi.py:826
2017-08-25 10:00:12 ztx-controller-135 cinder-api: 2017-08-25 10:00:12.430 22094 DEBUG cinder.api.openstack.wsgi [-] Empty body provided in request get_body /usr/lib/python2.7/site-packages/cinder/api/openstack/wsgi.py:862
2017-08-25 10:00:12 ztx-controller-135 cinder-api: 2017-08-25 10:00:12.430 22094 INFO cinder.api.openstack.wsgi [-] OPTIONS http://172.16.1.135:8776/
2017-08-25 10:00:12 ztx-controller-135 cinder-api: 2017-08-25 10:00:12.431 22094 INFO cinder.api.openstack.wsgi [-] http://172.16.1.135:8776/ returned with HTTP 200
2017-08-25 10:00:12 ztx-controller-135 cinder-api: 2017-08-25 10:00:12.432 22094 INFO eventlet.wsgi.server [-] 172.16.1.135 - - [25/Aug/2017 10:00:12] "OPTIONS / HTTP/1.0" 200 282 0.002943
2017-08-25 10:00:12 ztx-controller-135 Keepalived_vrrp[1631]: pid 17513 exited with status 1
2017-08-25 10:00:12 ztx-controller-135 logger: migration-monitor check service: process not exist
2017-08-25 10:00:13.161 14341 DEBUG nova.osapi_compute.wsgi.server [-] (14341) accepted ('172.16.1.134', 14922) server /usr/lib/python2.7/site-packages/eventlet/wsgi.py:826
2017-08-25 10:00:13.162 14341 DEBUG nova.api.openstack.wsgi [-] Calling method '<bound method Versions.index of <nova.api.openstack.compute.versions.Versions object at 0x70ee990>>' _process_stack /usr/lib/python2.7/site-packages/nova/api/openstack/wsgi.py:792
2017-08-25 10:00:13.163 14341 INFO nova.osapi_compute.wsgi.server [-] 172.16.1.134 "OPTIONS / HTTP/1.0" status: 200 len: 501 time: 0.0014241
2017-08-25 10:00:13.247 7914 INFO neutron.wsgi [-] (7914) accepted ('172.16.1.134', 2448)
2017-08-25 10:00:13.250 7914 INFO neutron.wsgi [-] 172.16.1.134 - - [25/Aug/2017 10:00:13] "OPTIONS / HTTP/1.0" 200 263 0.001170
2017-08-25 10:00:13.261 7911 INFO neutron.wsgi [-] (7911) accepted ('172.16.1.135', 5097)
2017-08-25 10:00:13.263 7911 INFO neutron.wsgi [-] 172.16.1.135 - - [25/Aug/2017 10:00:13] "OPTIONS / HTTP/1.0" 200 263 0.000628
2017-08-25 10:00:13.552 7909 INFO neutron.wsgi [-] (7909) accepted ('172.16.1.136', 28749)
2017-08-25 10:00:13.554 7909 INFO neutron.wsgi [-] 172.16.1.136 - - [25/Aug/2017 10:00:13] "OPTIONS / HTTP/1.0" 200 263 0.000582
2017-08-25 10:00:13.806001 mon.0 10.1.0.134:6789/0 280425 : cluster [INF] pgmap v22460283: 1396 pgs: 1382 active+clean, 14 active+clean+inconsistent; 5291 GB data, 15696 GB used, 8427 GB / 24124 GB avail; 6450 kB/s rd, 968 kB/s wr, 263 op/s
2017-08-25 10:00:14.228 7914 INFO neutron.wsgi [-] (7914) accepted ('172.16.1.136', 28754)
2017-08-25 10:00:14.232 7914 DEBUG keystoneclient.session [-] REQ: curl -g -i -X GET http://172.16.1.165:35357/v3/auth/tokens -H "X-Subject-Token: {SHA1}2c9b06bf140a8e6c0e41a63d9f66c9e2f912ebe8" -H "User-Agent: python-keystoneclient" -H "Accept: application/json" -H "X-Auth-Token: {SHA1}ec36891b1c08e360967283ee5cb857bd78c955e8" _http_log_request /usr/lib/python2.7/site-packages/keystoneclient/session.py:198
2017-08-25 10:00:14.238 10413 INFO oslo.db.sqlalchemy.enginefacade [req-52691515-7a41-44fd-b63f-3c32baca53f8 - - - - -] sql start('32d003cbcd2b428949ff5fba1c6ff5d4'): u'SELECT 1'^1503626414.238905^
2017-08-25 10:00:14.240 10413 INFO oslo.db.sqlalchemy.enginefacade [req-52691515-7a41-44fd-b63f-3c32baca53f8 - - - - -] sql end('32d003cbcd2b428949ff5fba1c6ff5d4'): u'SELECT 1'^1503626414.240015^
2017-08-25 10:00:14.241 10413 INFO oslo.db.sqlalchemy.enginefacade [req-52691515-7a41-44fd-b63f-3c32baca53f8 - - - - -] sql start('9c08f16a5300d779a6c6c910dc95b484'): u'SELECT token.id AS token_id, token.expires AS token_expires, token.extra AS token_extra, token.valid AS token_valid, token.user_id AS token_user_id, token.trust_id AS token_trust_id \nFROM token \nWHERE token.id = %s'^1503626414.241237^
2017-08-25 10:00:14.242 10413 INFO oslo.db.sqlalchemy.enginefacade [req-52691515-7a41-44fd-b63f-3c32baca53f8 - - - - -] sql end('9c08f16a5300d779a6c6c910dc95b484'): u'SELECT token.id AS token_id, token.expires AS token_expires, token.extra AS token_extra, token.valid AS token_valid, token.user_id AS token_user_id, token.trust_id AS token_trust_id \nFROM token \nWHERE token.id = %s'^1503626414.242568^
2017-08-25 10:00:14.246 10413 INFO oslo.db.sqlalchemy.enginefacade [req-52691515-7a41-44fd-b63f-3c32baca53f8 - - - - -] sql start('82542abc8cf83934cc46e2c42f2d97fa'): u'SELECT 1'^1503626414.246312^
2017-08-25 10:00:14.247 10413 INFO oslo.db.sqlalchemy.enginefacade [req-52691515-7a41-44fd-b63f-3c32baca53f8 - - - - -] sql end('82542abc8cf83934cc46e2c42f2d97fa'): u'SELECT 1'^1503626414.247438^
2017-08-25 10:00:14.248 10413 INFO oslo.db.sqlalchemy.enginefacade [req-52691515-7a41-44fd-b63f-3c32baca53f8 - - - - -] sql start('08bcc61e331156086c4e8c60d9d6594a'): u'SELECT revocation_event.id AS revocation_event_id, revocation_event.domain_id AS revocation_event_domain_id, revocation_event.project_id AS revocation_event_project_id, revocation_event.user_id AS revocation_event_user_id, revocation_event.role_id AS revocation_event_role_id, revocation_event.trust_id AS revocation_event_trust_id, revocation_event.consumer_id AS revocation_event_consumer_id, revocation_event.access_token_id AS revocation_event_access_token_id, revocation_event.issued_before AS revocation_event_issued_before, revocation_event.expires_at AS revocation_event_expires_at, revocation_event.revoked_at AS revocation_event_revoked_at, revocation_event.audit_id AS revocation_event_audit_id, revocation_event.audit_chain_id AS revocation_event_audit_chain_id \nFROM revocation_event ORDER BY revocation_event.revoked_at'^1503626414.248863^
2017-08-25 10:00:14.250 10413 INFO oslo.db.sqlalchemy.enginefacade [req-52691515-7a41-44fd-b63f-3c32baca53f8 - - - - -] sql end('08bcc61e331156086c4e8c60d9d6594a'): u'SELECT revocation_event.id AS revocation_event_id, revocation_event.domain_id AS revocation_event_domain_id, revocation_event.project_id AS revocation_event_project_id, revocation_event.user_id AS revocation_event_user_id, revocation_event.role_id AS revocation_event_role_id, revocation_event.trust_id AS revocation_event_trust_id, revocation_event.consumer_id AS revocation_event_consumer_id, revocation_event.access_token_id AS revocation_event_access_token_id, revocation_event.issued_before AS revocation_event_issued_before, revocation_event.expires_at AS revocation_event_expires_at, revocation_event.revoked_at AS revocation_event_revoked_at, revocation_event.audit_id AS revocation_event_audit_id, revocation_event.audit_chain_id AS revocation_event_audit_chain_id \nFROM revocation_event ORDER BY revocation_event.revoked_at'^1503626414.250275^
2017-08-25 10:00:14.252 10413 DEBUG keystone.middleware.core [req-52691515-7a41-44fd-b63f-3c32baca53f8 - - - - -] RBAC: auth_context: {'is_delegated_auth': False, 'access_token_id': None, 'user_id': u'd5e31c9a06e04727b8d858ecad5f9203', 'roles': [u'admin'], 'trustee_id': None, 'trustor_id': None, 'consumer_id': None, 'token': <KeystoneToken (audit_id=6k-RtkcrQGeH7GHcT3kv5Q, audit_chain_id=6k-RtkcrQGeH7GHcT3kv5Q) at 0x6267fe0>, 'project_id': u'2451791b57de46d6bc8ebd588b58d0ae', 'trust_id': None} process_request /usr/lib/python2.7/site-packages/keystone/middleware/core.py:314
2017-08-25 10:00:14.255 10413 DEBUG keystone.common.controller [req-52691515-7a41-44fd-b63f-3c32baca53f8 - - - - -] RBAC: Authorizing identity:validate_token() _build_policy_check_credentials /usr/lib/python2.7/site-packages/keystone/common/controller.py:62
2017-08-25 10:00:14.255 10413 INFO keystone.common.wsgi [req-52691515-7a41-44fd-b63f-3c32baca53f8 - - - - -] GET http://172.16.1.165:35357/v3/auth/tokens
2017-08-25 10:00:14.256 10413 DEBUG keystone.common.controller [req-52691515-7a41-44fd-b63f-3c32baca53f8 - - - - -] RBAC: using auth context from the request environment _build_policy_check_credentials /usr/lib/python2.7/site-packages/keystone/common/controller.py:67
2017-08-25 10:00:14.257 10413 INFO oslo.db.sqlalchemy.enginefacade [req-52691515-7a41-44fd-b63f-3c32baca53f8 - - - - -] sql start('097fdf40a9f817f5172a1b6bbfdd8068'): u'SELECT 1'^1503626414.257523^
2017-08-25 10:00:14.258 10413 INFO oslo.db.sqlalchemy.enginefacade [req-52691515-7a41-44fd-b63f-3c32baca53f8 - - - - -] sql end('097fdf40a9f817f5172a1b6bbfdd8068'): u'SELECT 1'^1503626414.258528^
2017-08-25 10:00:14.259 10413 INFO oslo.db.sqlalchemy.enginefacade [req-52691515-7a41-44fd-b63f-3c32baca53f8 - - - - -] sql start('12a8d24a25a1d01b0c17783752d4bd46'): u'SELECT token.id AS token_id, token.expires AS token_expires, token.extra AS token_extra, token.valid AS token_valid, token.user_id AS token_user_id, token.trust_id AS token_trust_id \nFROM token \nWHERE token.id = %s'^1503626414.259665^
2017-08-25 10:00:14.261 10413 INFO oslo.db.sqlalchemy.enginefacade [req-52691515-7a41-44fd-b63f-3c32baca53f8 - - - - -] sql end('12a8d24a25a1d01b0c17783752d4bd46'): u'SELECT token.id AS token_id, token.expires AS token_expires, token.extra AS token_extra, token.valid AS token_valid, token.user_id AS token_user_id, token.trust_id AS token_trust_id \nFROM token \nWHERE token.id = %s'^1503626414.261849^
2017-08-25 10:00:14.265 10413 INFO oslo.db.sqlalchemy.enginefacade [req-52691515-7a41-44fd-b63f-3c32baca53f8 - - - - -] sql start('b2b011df7da687f35df12464aa7b952d'): u'SELECT 1'^1503626414.265323^
2017-08-25 10:00:14.266 10413 INFO oslo.db.sqlalchemy.enginefacade [req-52691515-7a41-44fd-b63f-3c32baca53f8 - - - - -] sql end('b2b011df7da687f35df12464aa7b952d'): u'SELECT 1'^1503626414.266439^
2017-08-25 10:00:14.267 10413 INFO oslo.db.sqlalchemy.enginefacade [req-52691515-7a41-44fd-b63f-3c32baca53f8 - - - - -] sql start('ae33cc85765ed0dd3e9417df3c13b5da'): u'SELECT revocation_event.id AS revocation_event_id, revocation_event.domain_id AS revocation_event_domain_id, revocation_event.project_id AS revocation_event_project_id, revocation_event.user_id AS revocation_event_user_id, revocation_event.role_id AS revocation_event_role_id, revocation_event.trust_id AS revocation_event_trust_id, revocation_event.consumer_id AS revocation_event_consumer_id, revocation_event.access_token_id AS revocation_event_access_token_id, revocation_event.issued_before AS revocation_event_issued_before, revocation_event.expires_at AS revocation_event_expires_at, revocation_event.revoked_at AS revocation_event_revoked_at, revocation_event.audit_id AS revocation_event_audit_id, revocation_event.audit_chain_id AS revocation_event_audit_chain_id \nFROM revocation_event ORDER BY revocation_event.revoked_at'^1503626414.267693^
2017-08-25 10:00:14.269 10413 INFO oslo.db.sqlalchemy.enginefacade [req-52691515-7a41-44fd-b63f-3c32baca53f8 - - - - -] sql end('ae33cc85765ed0dd3e9417df3c13b5da'): u'SELECT revocation_event.id AS revocation_event_id, revocation_event.domain_id AS revocation_event_domain_id, revocation_event.project_id AS revocation_event_project_id, revocation_event.user_id AS revocation_event_user_id, revocation_event.role_id AS revocation_event_role_id, revocation_event.trust_id AS revocation_event_trust_id, revocation_event.consumer_id AS revocation_event_consumer_id, revocation_event.access_token_id AS revocation_event_access_token_id, revocation_event.issued_before AS revocation_event_issued_before, revocation_event.expires_at AS revocation_event_expires_at, revocation_event.revoked_at AS revocation_event_revoked_at, revocation_event.audit_id AS revocation_event_audit_id, revocation_event.audit_chain_id AS revocation_event_audit_chain_id \nFROM revocation_event ORDER BY revocation_event.revoked_at'^1503626414.269135^
2017-08-25 10:00:14.271 10413 DEBUG keystone.common.controller [req-52691515-7a41-44fd-b63f-3c32baca53f8 - - - - -] RBAC: Authorization granted inner /usr/lib/python2.7/site-packages/keystone/common/controller.py:162
2017-08-25 10:00:14.271 10413 DEBUG keystone.policy.backends.rules [req-52691515-7a41-44fd-b63f-3c32baca53f8 - - - - -] enforce identity:validate_token: {'is_delegated_auth': False, 'access_token_id': None, 'user_id': u'd5e31c9a06e04727b8d858ecad5f9203', 'roles': [u'admin'], 'trustee_id': None, 'trustor_id': None, 'consumer_id': None, 'token': <KeystoneToken (audit_id=6k-RtkcrQGeH7GHcT3kv5Q, audit_chain_id=6k-RtkcrQGeH7GHcT3kv5Q) at 0x6267fe0>, 'project_id': u'2451791b57de46d6bc8ebd588b58d0ae', 'trust_id': None} enforce /usr/lib/python2.7/site-packages/keystone/policy/backends/rules.py:76
2017-08-25 10:00:14.273 10413 INFO oslo.db.sqlalchemy.enginefacade [req-52691515-7a41-44fd-b63f-3c32baca53f8 - - - - -] sql start('3d76891f3a45a866de12760b77ae5d25'): u'SELECT 1'^1503626414.27327^
2017-08-25 10:00:14.274 10413 INFO oslo.db.sqlalchemy.enginefacade [req-52691515-7a41-44fd-b63f-3c32baca53f8 - - - - -] sql end('3d76891f3a45a866de12760b77ae5d25'): u'SELECT 1'^1503626414.27435^
2017-08-25 10:00:14.275 10413 INFO oslo.db.sqlalchemy.enginefacade [req-52691515-7a41-44fd-b63f-3c32baca53f8 - - - - -] sql start('b4415a479afc6e2edb23eb6c8d7f5ef3'): u'SELECT token.id AS token_id, token.expires AS token_expires, token.extra AS token_extra, token.valid AS token_valid, token.user_id AS token_user_id, token.trust_id AS token_trust_id \nFROM token \nWHERE token.id = %s'^1503626414.275415^
2017-08-25 10:00:14.276 10413 INFO oslo.db.sqlalchemy.enginefacade [req-52691515-7a41-44fd-b63f-3c32baca53f8 - - - - -] sql end('b4415a479afc6e2edb23eb6c8d7f5ef3'): u'SELECT token.id AS token_id, token.expires AS token_expires, token.extra AS token_extra, token.valid AS token_valid, token.user_id AS token_user_id, token.trust_id AS token_trust_id \nFROM token \nWHERE token.id = %s'^1503626414.276747^
2017-08-25 10:00:14.280 10413 INFO oslo.db.sqlalchemy.enginefacade [req-52691515-7a41-44fd-b63f-3c32baca53f8 - - - - -] sql start('7f65b963801318bc698882747ceda06b'): u'SELECT 1'^1503626414.280044^
2017-08-25 10:00:14.281 10413 INFO oslo.db.sqlalchemy.enginefacade [req-52691515-7a41-44fd-b63f-3c32baca53f8 - - - - -] sql end('7f65b963801318bc698882747ceda06b'): u'SELECT 1'^1503626414.281039^
2017-08-25 10:00:14.282 10413 INFO oslo.db.sqlalchemy.enginefacade [req-52691515-7a41-44fd-b63f-3c32baca53f8 - - - - -] sql start('dd2e28390d10418dfc69b4243702b81b'): u'SELECT project.id AS project_id, project.name AS project_name, project.domain_id AS project_domain_id, project.description AS project_description, project.enabled AS project_enabled, project.extra AS project_extra, project.parent_id AS project_parent_id, project.is_domain AS project_is_domain \nFROM project \nWHERE project.id = %s'^1503626414.282303^
2017-08-25 10:00:14.283 10413 INFO oslo.db.sqlalchemy.enginefacade [req-52691515-7a41-44fd-b63f-3c32baca53f8 - - - - -] sql end('dd2e28390d10418dfc69b4243702b81b'): u'SELECT project.id AS project_id, project.name AS project_name, project.domain_id AS project_domain_id, project.description AS project_description, project.enabled AS project_enabled, project.extra AS project_extra, project.parent_id AS project_parent_id, project.is_domain AS project_is_domain \nFROM project \nWHERE project.id = %s'^1503626414.283511^
2017-08-25 10:00:14.287 10413 INFO oslo.db.sqlalchemy.enginefacade [req-52691515-7a41-44fd-b63f-3c32baca53f8 - - - - -] sql start('9c728843d41c18b969e5f98bf6cfdf9f'): u'SELECT 1'^1503626414.287206^
2017-08-25 10:00:14.288 10413 INFO oslo.db.sqlalchemy.enginefacade [req-52691515-7a41-44fd-b63f-3c32baca53f8 - - - - -] sql end('9c728843d41c18b969e5f98bf6cfdf9f'): u'SELECT 1'^1503626414.288312^
2017-08-25 10:00:14.289 10413 INFO oslo.db.sqlalchemy.enginefacade [req-52691515-7a41-44fd-b63f-3c32baca53f8 - - - - -] sql start('0277553ed8a549348ce39d6069c90b26'): u'SELECT domain.id AS domain_id, domain.name AS domain_name, domain.enabled AS domain_enabled, domain.extra AS domain_extra \nFROM domain \nWHERE domain.id = %s'^1503626414.289409^
2017-08-25 10:00:14.290 10413 INFO oslo.db.sqlalchemy.enginefacade [req-52691515-7a41-44fd-b63f-3c32baca53f8 - - - - -] sql end('0277553ed8a549348ce39d6069c90b26'): u'SELECT domain.id AS domain_id, domain.name AS domain_name, domain.enabled AS domain_enabled, domain.extra AS domain_extra \nFROM domain \nWHERE domain.id = %s'^1503626414.290644^
2017-08-25 10:00:14.293 10413 INFO oslo.db.sqlalchemy.enginefacade [req-52691515-7a41-44fd-b63f-3c32baca53f8 - - - - -] sql start('3ff943089e2e482af2f517c0e11d0687'): u'SELECT 1'^1503626414.293803^
2017-08-25 10:00:14.295 10413 INFO oslo.db.sqlalchemy.enginefacade [req-52691515-7a41-44fd-b63f-3c32baca53f8 - - - - -] sql end('3ff943089e2e482af2f517c0e11d0687'): u'SELECT 1'^1503626414.294942^
2017-08-25 10:00:14.296 10413 INFO oslo.db.sqlalchemy.enginefacade [req-52691515-7a41-44fd-b63f-3c32baca53f8 - - - - -] sql start('7e59bbf2098cb3ff3413dc4c54037f1b'): u'SELECT user.id AS user_id, user.name AS user_name, user.domain_id AS user_domain_id, user.password AS user_password, user.enabled AS user_enabled, user.extra AS user_extra, user.default_project_id AS user_default_project_id \nFROM user \nWHERE user.id = %s'^1503626414.296149^
2017-08-25 10:00:14.297 10413 INFO oslo.db.sqlalchemy.enginefacade [req-52691515-7a41-44fd-b63f-3c32baca53f8 - - - - -] sql end('7e59bbf2098cb3ff3413dc4c54037f1b'): u'SELECT user.id AS user_id, user.name AS user_name, user.domain_id AS user_domain_id, user.password AS user_password, user.enabled AS user_enabled, user.extra AS user_extra, user.default_project_id AS user_default_project_id \nFROM user \nWHERE user.id = %s'^1503626414.297475^
2017-08-25 10:00:14.300 10413 INFO oslo.db.sqlalchemy.enginefacade [req-52691515-7a41-44fd-b63f-3c32baca53f8 - - - - -] sql start('1cd385f33b258aba547f613e3d5a63cd'): u'SELECT 1'^1503626414.300288^
2017-08-25 10:00:14.301 10413 INFO oslo.db.sqlalchemy.enginefacade [req-52691515-7a41-44fd-b63f-3c32baca53f8 - - - - -] sql end('1cd385f33b258aba547f613e3d5a63cd'): u'SELECT 1'^1503626414.301372^
2017-08-25 10:00:14.302 10413 INFO oslo.db.sqlalchemy.enginefacade [req-52691515-7a41-44fd-b63f-3c32baca53f8 - - - - -] sql start('c3cac1e71816072f2b177ad791b6736e'): u'SELECT domain.id AS domain_id, domain.name AS domain_name, domain.enabled AS domain_enabled, domain.extra AS domain_extra \nFROM domain \nWHERE domain.id = %s'^1503626414.302517^
