2017-08-24 09:59:08 ztx-controller-136 cinder-api: 2017-08-24 09:59:08.699 12838 INFO cinder.api.openstack.wsgi [-] OPTIONS http://172.16.1.136:8776/
2017-08-24 09:59:08 ztx-controller-136 cinder-api: 2017-08-24 09:59:08.700 12838 DEBUG cinder.api.openstack.wsgi [-] Empty body provided in request get_body /usr/lib/python2.7/site-packages/cinder/api/openstack/wsgi.py:862
2017-08-24 09:59:08 ztx-controller-136 cinder-api: 2017-08-24 09:59:08.701 12838 INFO cinder.api.openstack.wsgi [-] http://172.16.1.136:8776/ returned with HTTP 200
2017-08-24 09:59:08 ztx-controller-136 cinder-api: 2017-08-24 09:59:08.702 12838 INFO eventlet.wsgi.server [-] 172.16.1.136 - - [24/Aug/2017 09:59:08] "OPTIONS / HTTP/1.0" 200 282 0.003698
2017-08-24 09:59:08 ztx-controller-136 Keepalived_vrrp[1685]: pid 17195 exited with status 1
2017-08-24 09:59:08 ztx-controller-136 logger: migration-monitor check service: process not exist
2017-08-24 09:59:09.078429 mon.0 10.1.0.134:6789/0 174623 : cluster [INF] pgmap v22374617: 1396 pgs: 1 active+clean+scrubbing+deep, 1384 active+clean, 11 active+clean+inconsistent; 5286 GB data, 15683 GB used, 8441 GB / 24124 GB avail; 8765 kB/s rd, 1116 kB/s wr, 394 op/s
2017-08-24 09:59:09 ztx-controller-136 xinetd[1652]: EXIT: galeracheck status=0 pid=17203 duration=0(sec)
2017-08-24 09:59:09 ztx-controller-136 xinetd[1652]: START: galeracheck pid=17203 from=172.16.1.134
2017-08-24 09:59:10.084421 mon.0 10.1.0.134:6789/0 174624 : cluster [INF] pgmap v22374618: 1396 pgs: 1 active+clean+scrubbing+deep, 1384 active+clean, 11 active+clean+inconsistent; 5286 GB data, 15683 GB used, 8441 GB / 24124 GB avail; 7458 kB/s rd, 591 kB/s wr, 161 op/s
2017-08-24 09:59:10.397 23789 DEBUG keystone.middleware.core [req-a6b3b06b-78e2-49df-a801-bbd1685c75a4 - - - - -] There is either no auth token in the request or the certificate issuer is not trusted. No auth context will be set. process_request /usr/lib/python2.7/site-packages/keystone/middleware/core.py:310
2017-08-24 09:59:10.400 23789 INFO keystone.common.wsgi [req-a6b3b06b-78e2-49df-a801-bbd1685c75a4 - - - - -] GET http://172.16.1.136:5000/v3/
2017-08-24 09:59:10.401 23789 INFO eventlet.wsgi.server [req-a6b3b06b-78e2-49df-a801-bbd1685c75a4 - - - - -] 172.16.1.134 - - [24/Aug/2017 09:59:10] "GET /v3 HTTP/1.0" 200 465 0.005087
2017-08-24 09:59:10.624 21781 INFO eventlet.wsgi.server [-] 172.16.1.134 - - [24/Aug/2017 09:59:10] "OPTIONS /versions HTTP/1.0" 200 797 0.001300
2017-08-24 09:59:10.629 3370 DEBUG nova.osapi_compute.wsgi.server [-] (3370) accepted ('172.16.1.136', 39880) server /usr/lib/python2.7/site-packages/eventlet/wsgi.py:826
2017-08-24 09:59:10.630 3370 DEBUG nova.api.openstack.wsgi [-] Calling method '<bound method Versions.index of <nova.api.openstack.compute.versions.Versions object at 0x70f5f10>>' _process_stack /usr/lib/python2.7/site-packages/nova/api/openstack/wsgi.py:792
2017-08-24 09:59:10.631 3370 INFO nova.osapi_compute.wsgi.server [-] 172.16.1.136 "OPTIONS / HTTP/1.0" status: 200 len: 501 time: 0.0013740
2017-08-24 09:59:10 ztx-controller-136 Keepalived_vrrp[1685]: pid 17209 exited with status 1
2017-08-24 09:59:10 ztx-controller-136 logger: migration-monitor check service: process not exist
2017-08-24 09:59:11.091249 mon.0 10.1.0.134:6789/0 174625 : cluster [INF] pgmap v22374619: 1396 pgs: 1 active+clean+scrubbing+deep, 1384 active+clean, 11 active+clean+inconsistent; 5286 GB data, 15683 GB used, 8441 GB / 24124 GB avail; 1935 kB/s rd, 742 kB/s wr, 295 op/s
2017-08-24 09:59:11.366 3380 DEBUG nova.metadata.wsgi.server [-] (3380) accepted ('172.16.1.134', 12410) server /usr/lib/python2.7/site-packages/eventlet/wsgi.py:826
2017-08-24 09:59:11.368 3380 INFO nova.api.ec2 [-] 0.221s 172.16.1.134 OPTIONS / None:None 200 [None] text/plain text/plain
2017-08-24 09:59:11.368 3380 INFO nova.metadata.wsgi.server [-] 172.16.1.134 "OPTIONS / HTTP/1.0" status: 200 len: 234 time: 0.0010931
2017-08-24 09:59:11.427 7715 INFO neutron.wsgi [-] (7715) accepted ('172.16.1.136', 7314)
2017-08-24 09:59:11.429 7715 INFO neutron.wsgi [-] 172.16.1.136 - - [24/Aug/2017 09:59:11] "OPTIONS / HTTP/1.0" 200 263 0.000707
2017-08-24 09:59:12.098456 mon.0 10.1.0.134:6789/0 174626 : cluster [INF] pgmap v22374620: 1396 pgs: 1 active+clean+scrubbing+deep, 1384 active+clean, 11 active+clean+inconsistent; 5286 GB data, 15683 GB used, 8441 GB / 24124 GB avail; 3471 kB/s rd, 876 kB/s wr, 356 op/s
2017-08-24 09:59:12.196 7726 DEBUG neutron.api.rpc.handlers.dhcp_rpc [req-84ed4126-6896-4eeb-a967-0f5cba442680 - - - - -] get_active_networks_info from ztx-compute-138 get_active_networks_info /usr/lib/python2.7/site-packages/neutron/api/rpc/handlers/dhcp_rpc.py:129
2017-08-24 09:59:12.255 12840 DEBUG eventlet.wsgi.server [-] (12840) accepted ('172.16.1.134', 57280) server /usr/lib/python2.7/site-packages/eventlet/wsgi.py:826
2017-08-24 09:59:12.257 12840 DEBUG cinder.api.openstack.wsgi [-] Empty body provided in request get_body /usr/lib/python2.7/site-packages/cinder/api/openstack/wsgi.py:862
2017-08-24 09:59:12.257 12840 INFO cinder.api.openstack.wsgi [-] OPTIONS http://172.16.1.136:8776/
2017-08-24 09:59:12.258 12840 INFO cinder.api.openstack.wsgi [-] http://172.16.1.136:8776/ returned with HTTP 200
2017-08-24 09:59:12.259 12840 INFO eventlet.wsgi.server [-] 172.16.1.134 - - [24/Aug/2017 09:59:12] "OPTIONS / HTTP/1.0" 200 282 0.002850
2017-08-24 09:59:12.682 7715 INFO neutron.wsgi [-] (7715) accepted ('172.16.1.136', 7329)
2017-08-24 09:59:12.698 7715 INFO neutron.wsgi [req-26ba1626-4e55-4bd1-9631-5ec2cd672c68 d5e31c9a06e04727b8d858ecad5f9203 2451791b57de46d6bc8ebd588b58d0ae - - -] 172.16.1.136 - - [24/Aug/2017 09:59:12] "GET /v2.0/floatingips.json?fixed_ip_address=172.16.5.41&port_id=d1e90135-ab21-4bfe-998e-7a047523d3a2 HTTP/1.1" 200 227 0.014738
2017-08-24 09:59:12.900 3380 DEBUG nova.metadata.wsgi.server [-] (3380) accepted ('172.16.1.135', 7744) server /usr/lib/python2.7/site-packages/eventlet/wsgi.py:826
2017-08-24 09:59:12.902 3380 INFO nova.api.ec2 [-] 0.225s 172.16.1.135 OPTIONS / None:None 200 [None] text/plain text/plain
2017-08-24 09:59:12.902 3380 INFO nova.metadata.wsgi.server [-] 172.16.1.135 "OPTIONS / HTTP/1.0" status: 200 len: 234 time: 0.0010719
2017-08-24 09:59:12 localhost haproxy[21903]: 172.16.1.134:39008 [24/Aug/2017:09:59:12.427] keystone-admin-cluster keystone-admin-cluster/keystone-admin-ztx-controller-135 0/0/0/145/145 200 7724 - - ---- 1279/0/0/0/0 0/0 "GET /v3/auth/tokens HTTP/1.1"
2017-08-24 09:59:12 localhost haproxy[21903]: 172.16.1.134:39008 [24/Aug/2017:09:59:12.427] keystone-admin-cluster keystone-admin-cluster/keystone-admin-ztx-controller-135 0/0/0/145/145 200 7724 - - ---- 1279/0/0/0/0 0/0 "GET /v3/auth/tokens HTTP/1.1"
2017-08-24 09:59:12 localhost haproxy[21903]: 172.16.1.134:39015 [24/Aug/2017:09:59:12.713] keystone-admin-cluster keystone-admin-cluster/keystone-admin-ztx-controller-134 0/0/0/123/123 200 7724 - - ---- 1279/0/0/0/0 0/0 "GET /v3/auth/tokens HTTP/1.1"
2017-08-24 09:59:12 localhost haproxy[21903]: 172.16.1.134:39015 [24/Aug/2017:09:59:12.713] keystone-admin-cluster keystone-admin-cluster/keystone-admin-ztx-controller-134 0/0/0/123/123 200 7724 - - ---- 1279/0/0/0/0 0/0 "GET /v3/auth/tokens HTTP/1.1"
2017-08-24 09:59:12 localhost haproxy[21903]: 172.16.1.134:40588 [24/Aug/2017:08:52:39.148] db-cluster db-cluster/mysql-ztx-controller-134 1/0/3993451 33994 -- 1278/1277/1277/1277/0 0/0
2017-08-24 09:59:12 localhost haproxy[21903]: 172.16.1.134:40588 [24/Aug/2017:08:52:39.148] db-cluster db-cluster/mysql-ztx-controller-134 1/0/3993451 33994 -- 1278/1277/1277/1277/0 0/0
2017-08-24 09:59:12 localhost haproxy[21903]: 172.16.1.143:64290 [24/Aug/2017:09:59:12.420] neutron-api-cluster neutron-api-cluster/neutron-api-ztx-controller-134 0/0/0/200/201 200 1105 - - ---- 1278/0/0/0/0 0/0 "GET /v2.0/ports.json?tenant_id=9ecc839856dc4fc5a5fc63313941cb0a&device_id=4375b1b2-33a6-4973-a54c-8dac80a92eac HTTP/1.1"
2017-08-24 09:59:12 localhost haproxy[21903]: 172.16.1.143:64290 [24/Aug/2017:09:59:12.420] neutron-api-cluster neutron-api-cluster/neutron-api-ztx-controller-134 0/0/0/200/201 200 1105 - - ---- 1278/0/0/0/0 0/0 "GET /v2.0/ports.json?tenant_id=9ecc839856dc4fc5a5fc63313941cb0a&device_id=4375b1b2-33a6-4973-a54c-8dac80a92eac HTTP/1.1"
2017-08-24 09:59:12 localhost haproxy[21903]: 172.16.1.143:64295 [24/Aug/2017:09:59:12.631] neutron-api-cluster neutron-api-cluster/neutron-api-ztx-controller-135 0/0/0/45/46 200 632 - - ---- 1278/0/0/0/0 0/0 "GET /v2.0/networks.json?id=0cc5afd8-c5bc-4dd4-9b04-26388c0de2a8 HTTP/1.1"
2017-08-24 09:59:12 localhost haproxy[21903]: 172.16.1.143:64295 [24/Aug/2017:09:59:12.631] neutron-api-cluster neutron-api-cluster/neutron-api-ztx-controller-135 0/0/0/45/46 200 632 - - ---- 1278/0/0/0/0 0/0 "GET /v2.0/networks.json?id=0cc5afd8-c5bc-4dd4-9b04-26388c0de2a8 HTTP/1.1"
2017-08-24 09:59:12 localhost haproxy[21903]: 172.16.1.143:64298 [24/Aug/2017:09:59:12.681] neutron-api-cluster neutron-api-cluster/neutron-api-ztx-controller-136 0/0/0/16/17 200 227 - - ---- 1278/0/0/0/0 0/0 "GET /v2.0/floatingips.json?fixed_ip_address=172.16.5.41&port_id=d1e90135-ab21-4bfe-998e-7a047523d3a2 HTTP/1.1"
2017-08-24 09:59:12 localhost haproxy[21903]: 172.16.1.143:64298 [24/Aug/2017:09:59:12.681] neutron-api-cluster neutron-api-cluster/neutron-api-ztx-controller-136 0/0/0/16/17 200 227 - - ---- 1278/0/0/0/0 0/0 "GET /v2.0/floatingips.json?fixed_ip_address=172.16.5.41&port_id=d1e90135-ab21-4bfe-998e-7a047523d3a2 HTTP/1.1"
2017-08-24 09:59:12 localhost haproxy[21903]: 172.16.1.143:64299 [24/Aug/2017:09:59:12.703] neutron-api-cluster neutron-api-cluster/neutron-api-ztx-controller-134 0/0/0/165/166 200 680 - - ---- 1278/0/0/0/0 0/0 "GET /v2.0/subnets.json?id=24850669-e396-403a-b8b3-2ad2e102f9ba HTTP/1.1"
2017-08-24 09:59:12 localhost haproxy[21903]: 172.16.1.143:64299 [24/Aug/2017:09:59:12.703] neutron-api-cluster neutron-api-cluster/neutron-api-ztx-controller-134 0/0/0/165/166 200 680 - - ---- 1278/0/0/0/0 0/0 "GET /v2.0/subnets.json?id=24850669-e396-403a-b8b3-2ad2e102f9ba HTTP/1.1"
2017-08-24 09:59:12 localhost haproxy[21903]: 172.16.1.143:64304 [24/Aug/2017:09:59:12.873] neutron-api-cluster neutron-api-cluster/neutron-api-ztx-controller-135 0/0/0/40/41 200 3646 - - ---- 1278/0/0/0/0 0/0 "GET /v2.0/ports.json?network_id=0cc5afd8-c5bc-4dd4-9b04-26388c0de2a8&device_owner=network%3Adhcp HTTP/1.1"
2017-08-24 09:59:12 localhost haproxy[21903]: 172.16.1.143:64304 [24/Aug/2017:09:59:12.873] neutron-api-cluster neutron-api-cluster/neutron-api-ztx-controller-135 0/0/0/40/41 200 3646 - - ---- 1278/0/0/0/0 0/0 "GET /v2.0/ports.json?network_id=0cc5afd8-c5bc-4dd4-9b04-26388c0de2a8&device_owner=network%3Adhcp HTTP/1.1"
2017-08-24 09:59:12 ztx-controller-136 cinder-api: 2017-08-24 09:59:12.255 12840 DEBUG eventlet.wsgi.server [-] (12840) accepted ('172.16.1.134', 57280) server /usr/lib/python2.7/site-packages/eventlet/wsgi.py:826
2017-08-24 09:59:12 ztx-controller-136 cinder-api: 2017-08-24 09:59:12.257 12840 DEBUG cinder.api.openstack.wsgi [-] Empty body provided in request get_body /usr/lib/python2.7/site-packages/cinder/api/openstack/wsgi.py:862
2017-08-24 09:59:12 ztx-controller-136 cinder-api: 2017-08-24 09:59:12.257 12840 INFO cinder.api.openstack.wsgi [-] OPTIONS http://172.16.1.136:8776/
2017-08-24 09:59:12 ztx-controller-136 cinder-api: 2017-08-24 09:59:12.258 12840 INFO cinder.api.openstack.wsgi [-] http://172.16.1.136:8776/ returned with HTTP 200
2017-08-24 09:59:12 ztx-controller-136 cinder-api: 2017-08-24 09:59:12.259 12840 INFO eventlet.wsgi.server [-] 172.16.1.134 - - [24/Aug/2017 09:59:12] "OPTIONS / HTTP/1.0" 200 282 0.002850
2017-08-24 09:59:12 ztx-controller-136 Keepalived_vrrp[1685]: pid 17222 exited with status 1
2017-08-24 09:59:12 ztx-controller-136 logger: migration-monitor check service: process not exist
2017-08-24 09:59:13.106621 mon.0 10.1.0.134:6789/0 174627 : cluster [INF] pgmap v22374621: 1396 pgs: 1 active+clean+scrubbing+deep, 1384 active+clean, 11 active+clean+inconsistent; 5286 GB data, 15683 GB used, 8441 GB / 24124 GB avail; 2471 kB/s rd, 441 kB/s wr, 294 op/s
2017-08-24 09:59:13.233 3370 DEBUG nova.osapi_compute.wsgi.server [-] (3370) accepted ('172.16.1.134', 27557) server /usr/lib/python2.7/site-packages/eventlet/wsgi.py:826
2017-08-24 09:59:13.234 3370 DEBUG nova.api.openstack.wsgi [-] Calling method '<bound method Versions.index of <nova.api.openstack.compute.versions.Versions object at 0x70f5f10>>' _process_stack /usr/lib/python2.7/site-packages/nova/api/openstack/wsgi.py:792
2017-08-24 09:59:13.235 3370 INFO nova.osapi_compute.wsgi.server [-] 172.16.1.134 "OPTIONS / HTTP/1.0" status: 200 len: 501 time: 0.0013211
2017-08-24 09:59:13.669 12844 DEBUG eventlet.wsgi.server [-] (12844) accepted ('172.16.1.135', 61539) server /usr/lib/python2.7/site-packages/eventlet/wsgi.py:826
2017-08-24 09:59:13.676 12844 INFO cinder.api.openstack.wsgi [-] OPTIONS http://172.16.1.136:8776/
2017-08-24 09:59:13.677 12844 DEBUG cinder.api.openstack.wsgi [-] Empty body provided in request get_body /usr/lib/python2.7/site-packages/cinder/api/openstack/wsgi.py:862
2017-08-24 09:59:13.679 12844 INFO cinder.api.openstack.wsgi [-] http://172.16.1.136:8776/ returned with HTTP 200
2017-08-24 09:59:13.680 12844 INFO eventlet.wsgi.server [-] 172.16.1.135 - - [24/Aug/2017 09:59:13] "OPTIONS / HTTP/1.0" 200 282 0.006790
2017-08-24 09:59:13.812336 7f10b5288700  0 mon.ztx-controller-136@2(peon).data_health(198) update_stats avail 44% total 445 GB, used 248 GB, avail 196 GB
2017-08-24 09:59:13.909 23788 DEBUG keystone.middleware.core [req-158b6757-63d4-44ec-8c78-d17f7ea34991 - - - - -] There is either no auth token in the request or the certificate issuer is not trusted. No auth context will be set. process_request /usr/lib/python2.7/site-packages/keystone/middleware/core.py:310
2017-08-24 09:59:13.911 23788 INFO keystone.common.wsgi [req-158b6757-63d4-44ec-8c78-d17f7ea34991 - - - - -] GET http://172.16.1.136:5000/v3/
2017-08-24 09:59:13.913 23788 INFO eventlet.wsgi.server [req-158b6757-63d4-44ec-8c78-d17f7ea34991 - - - - -] 172.16.1.135 - - [24/Aug/2017 09:59:13] "GET /v3 HTTP/1.0" 200 465 0.003733
2017-08-24 09:59:13 ztx-controller-136 cinder-api: 2017-08-24 09:59:13.669 12844 DEBUG eventlet.wsgi.server [-] (12844) accepted ('172.16.1.135', 61539) server /usr/lib/python2.7/site-packages/eventlet/wsgi.py:826
2017-08-24 09:59:13 ztx-controller-136 cinder-api: 2017-08-24 09:59:13.676 12844 INFO cinder.api.openstack.wsgi [-] OPTIONS http://172.16.1.136:8776/
2017-08-24 09:59:13 ztx-controller-136 cinder-api: 2017-08-24 09:59:13.677 12844 DEBUG cinder.api.openstack.wsgi [-] Empty body provided in request get_body /usr/lib/python2.7/site-packages/cinder/api/openstack/wsgi.py:862
2017-08-24 09:59:13 ztx-controller-136 cinder-api: 2017-08-24 09:59:13.679 12844 INFO cinder.api.openstack.wsgi [-] http://172.16.1.136:8776/ returned with HTTP 200
2017-08-24 09:59:13 ztx-controller-136 cinder-api: 2017-08-24 09:59:13.680 12844 INFO eventlet.wsgi.server [-] 172.16.1.135 - - [24/Aug/2017 09:59:13] "OPTIONS / HTTP/1.0" 200 282 0.006790
2017-08-24 09:59:14.114846 mon.0 10.1.0.134:6789/0 174628 : cluster [INF] pgmap v22374622: 1396 pgs: 1 active+clean+scrubbing+deep, 1384 active+clean, 11 active+clean+inconsistent; 5286 GB data, 15683 GB used, 8441 GB / 24124 GB avail; 7492 kB/s rd, 483 kB/s wr, 324 op/s
2017-08-24 09:59:14.324669 7f10b4a87700  0 mon.ztx-controller-136@2(peon) e3 handle_command mon_command({"prefix": "mon_status", "format": "json"} v 0) v1
2017-08-24 09:59:14.324729 7f10b4a87700  0 log_channel(audit) log [DBG] : from='client.? 10.1.0.146:0/1995983704' entity='client.admin' cmd=[{"prefix": "mon_status", "format": "json"}]: dispatch
2017-08-24 09:59:14.423 3371 DEBUG nova.osapi_compute.wsgi.server [-] (3371) accepted ('172.16.1.135', 15666) server /usr/lib/python2.7/site-packages/eventlet/wsgi.py:826
2017-08-24 09:59:14.424 3371 DEBUG nova.api.openstack.wsgi [-] Calling method '<bound method Versions.index of <nova.api.openstack.compute.versions.Versions object at 0x70f5f10>>' _process_stack /usr/lib/python2.7/site-packages/nova/api/openstack/wsgi.py:792
2017-08-24 09:59:14.425 3371 INFO nova.osapi_compute.wsgi.server [-] 172.16.1.135 "OPTIONS / HTTP/1.0" status: 200 len: 501 time: 0.0011640
2017-08-24 09:59:14.513 23787 DEBUG keystone.middleware.core [req-c7801f43-4bfa-4048-91ef-b0822d1e6f2d - - - - -] There is either no auth token in the request or the certificate issuer is not trusted. No auth context will be set. process_request /usr/lib/python2.7/site-packages/keystone/middleware/core.py:310
2017-08-24 09:59:14.515 23787 INFO keystone.common.wsgi [req-c7801f43-4bfa-4048-91ef-b0822d1e6f2d - - - - -] GET http://172.16.1.136:35357/v3/
2017-08-24 09:59:14.516 23787 INFO eventlet.wsgi.server [req-c7801f43-4bfa-4048-91ef-b0822d1e6f2d - - - - -] 172.16.1.135 - - [24/Aug/2017 09:59:14] "GET /v3 HTTP/1.0" 200 466 0.003708
2017-08-24 09:59:14.595 23789 DEBUG keystone.middleware.core [req-b7ee711e-f74a-4bd4-ba15-5c7aaa2f5043 - - - - -] There is either no auth token in the request or the certificate issuer is not trusted. No auth context will be set. process_request /usr/lib/python2.7/site-packages/keystone/middleware/core.py:310
2017-08-24 09:59:14.596 23789 INFO keystone.common.wsgi [req-b7ee711e-f74a-4bd4-ba15-5c7aaa2f5043 - - - - -] GET http://172.16.1.136:5000/v3/
2017-08-24 09:59:14.598 23789 INFO eventlet.wsgi.server [req-b7ee711e-f74a-4bd4-ba15-5c7aaa2f5043 - - - - -] 172.16.1.136 - - [24/Aug/2017 09:59:14] "GET /v3 HTTP/1.0" 200 465 0.003287
2017-08-24 09:59:14.632445 7f10b4a87700  0 mon.ztx-controller-136@2(peon) e3 handle_command mon_command({"prefix": "status", "format": "json"} v 0) v1
2017-08-24 09:59:14.632490 7f10b4a87700  0 log_channel(audit) log [DBG] : from='client.? 10.1.0.146:0/2705478961' entity='client.admin' cmd=[{"prefix": "status", "format": "json"}]: dispatch
2017-08-24 09:59:14.964 7727 DEBUG neutron.api.rpc.handlers.dhcp_rpc [req-7acac6a1-7831-4978-8a0a-1cf6a7b960ce - - - - -] get_active_networks_info from ztx-compute-148 get_active_networks_info /usr/lib/python2.7/site-packages/neutron/api/rpc/handlers/dhcp_rpc.py:129
2017-08-24 09:59:14 ztx-controller-136 Keepalived_vrrp[1685]: pid 17232 exited with status 1
2017-08-24 09:59:14 ztx-controller-136 logger: migration-monitor check service: process not exist
2017-08-24 09:59:15.120696 mon.0 10.1.0.134:6789/0 174630 : cluster [INF] pgmap v22374623: 1396 pgs: 1 active+clean+scrubbing+deep, 1384 active+clean, 11 active+clean+inconsistent; 5286 GB data, 15683 GB used, 8441 GB / 24124 GB avail; 6559 kB/s rd, 400 kB/s wr, 174 op/s
2017-08-24 09:59:15.967 21782 INFO eventlet.wsgi.server [-] 172.16.1.136 - - [24/Aug/2017 09:59:15] "OPTIONS /versions HTTP/1.0" 200 797 0.002489
2017-08-24 09:59:16.127218 mon.0 10.1.0.134:6789/0 174632 : cluster [INF] pgmap v22374624: 1396 pgs: 1 active+clean+scrubbing+deep, 1384 active+clean, 11 active+clean+inconsistent; 5286 GB data, 15683 GB used, 8441 GB / 24124 GB avail; 7065 kB/s rd, 887 kB/s wr, 347 op/s
2017-08-24 09:59:16.172 21781 INFO eventlet.wsgi.server [-] 172.16.1.135 - - [24/Aug/2017 09:59:16] "OPTIONS /versions HTTP/1.0" 200 797 0.001306
2017-08-24 09:59:16.340 3321 DEBUG oslo_service.periodic_task [req-d44d72fb-6149-4178-ad20-3631c3ccf5c0 - - - - -] Running periodic task SchedulerManager._run_periodic_tasks run_periodic_tasks /usr/lib/python2.7/site-packages/oslo_service/periodic_task.py:213
2017-08-24 09:59:16 ztx-controller-136 Keepalived_vrrp[1685]: pid 17244 exited with status 1
2017-08-24 09:59:16 ztx-controller-136 logger: migration-monitor check service: process not exist
2017-08-24 09:59:17.130493 mon.0 10.1.0.134:6789/0 174633 : cluster [INF] pgmap v22374625: 1396 pgs: 1 active+clean+scrubbing+deep, 1384 active+clean, 11 active+clean+inconsistent; 5286 GB data, 15683 GB used, 8441 GB / 24124 GB avail; 12353 kB/s rd, 1087 kB/s wr, 413 op/s
2017-08-24 09:59:17.359 23787 DEBUG keystone.middleware.core [req-435c4a67-d28d-4980-bfac-2ddb7ff36d81 - - - - -] There is either no auth token in the request or the certificate issuer is not trusted. No auth context will be set. process_request /usr/lib/python2.7/site-packages/keystone/middleware/core.py:310
2017-08-24 09:59:17.361 23787 INFO keystone.common.wsgi [req-435c4a67-d28d-4980-bfac-2ddb7ff36d81 - - - - -] GET http://172.16.1.136:35357/v3/
2017-08-24 09:59:17.363 23787 INFO eventlet.wsgi.server [req-435c4a67-d28d-4980-bfac-2ddb7ff36d81 - - - - -] 172.16.1.134 - - [24/Aug/2017 09:59:17] "GET /v3 HTTP/1.0" 200 466 0.003838
2017-08-24 09:59:17.676 23787 DEBUG keystone.middleware.core [req-3a6dd3f8-0a56-48d7-8e30-7ff7dc5b2a3c - - - - -] There is either no auth token in the request or the certificate issuer is not trusted. No auth context will be set. process_request /usr/lib/python2.7/site-packages/keystone/middleware/core.py:310
2017-08-24 09:59:17.678 23787 INFO keystone.common.wsgi [req-3a6dd3f8-0a56-48d7-8e30-7ff7dc5b2a3c - - - - -] GET http://172.16.1.136:35357/v3/
2017-08-24 09:59:17.679 23787 INFO eventlet.wsgi.server [req-3a6dd3f8-0a56-48d7-8e30-7ff7dc5b2a3c - - - - -] 172.16.1.136 - - [24/Aug/2017 09:59:17] "GET /v3 HTTP/1.0" 200 466 0.003076
2017-08-24 09:59:18.007 12802 DEBUG cinder.scheduler.host_manager [req-bc60dbd7-e853-4859-ba41-3c3b213468be - - - - -] Received volume service update from ceph: {u'filter_function': None, u'goodness_function': None, u'volume_backend_name': u'RBD', u'free_capacity_gb': 1332, u'driver_version': u'1.2.0', u'total_capacity_gb': 2794, u'reserved_percentage': 0, u'vendor_name': u'Open Source', u'storage_protocol': u'ceph'} update_service_capabilities /usr/lib/python2.7/site-packages/cinder/scheduler/host_manager.py:450
2017-08-24 09:59:18.038 3380 DEBUG nova.metadata.wsgi.server [-] (3380) accepted ('172.16.1.136', 10334) server /usr/lib/python2.7/site-packages/eventlet/wsgi.py:826
2017-08-24 09:59:18.040 3380 INFO nova.api.ec2 [-] 0.227s 172.16.1.136 OPTIONS / None:None 200 [None] text/plain text/plain
2017-08-24 09:59:18.040 3380 INFO nova.metadata.wsgi.server [-] 172.16.1.136 "OPTIONS / HTTP/1.0" status: 200 len: 234 time: 0.0010421
2017-08-24 09:59:18.068389 7f10b4a87700  0 mon.ztx-controller-136@2(peon) e3 handle_command mon_command({ " p r e f i x " : " d f " ,   " f o r m a t " : " j s o n " } v 0) v1
2017-08-24 09:59:18.068489 7f10b4a87700  0 log_channel(audit) log [DBG] : from='client.? 10.1.0.146:0/2601704612' entity='client.cinder' cmd=[{,",p,r,e,f,i,x,",:,",d,f,",,, ,",f,o,r,m,a,t,",:,",j,s,o,n,",}]: dispatch
2017-08-24 09:59:18.138420 mon.0 10.1.0.134:6789/0 174634 : cluster [INF] pgmap v22374626: 1396 pgs: 1 active+clean+scrubbing+deep, 1384 active+clean, 11 active+clean+inconsistent; 5286 GB data, 15683 GB used, 8441 GB / 24124 GB avail; 6150 kB/s rd, 1008 kB/s wr, 377 op/s
2017-08-24 09:59:18.483 7721 INFO neutron.wsgi [-] (7721) accepted ('172.16.1.135', 1668)
2017-08-24 09:59:18.486 7721 INFO neutron.wsgi [-] 172.16.1.135 - - [24/Aug/2017 09:59:18] "OPTIONS / HTTP/1.0" 200 263 0.001176
2017-08-24 09:59:18.606 12839 DEBUG eventlet.wsgi.server [-] (12839) accepted ('172.16.1.136', 15323) server /usr/lib/python2.7/site-packages/eventlet/wsgi.py:826
2017-08-24 09:59:18.608 12839 INFO cinder.api.openstack.wsgi [-] OPTIONS http://172.16.1.136:8776/
2017-08-24 09:59:18.609 12839 DEBUG cinder.api.openstack.wsgi [-] Empty body provided in request get_body /usr/lib/python2.7/site-packages/cinder/api/openstack/wsgi.py:862
2017-08-24 09:59:18.610 12839 INFO cinder.api.openstack.wsgi [-] http://172.16.1.136:8776/ returned with HTTP 200
2017-08-24 09:59:18.611 12839 INFO eventlet.wsgi.server [-] 172.16.1.136 - - [24/Aug/2017 09:59:18] "OPTIONS / HTTP/1.0" 200 282 0.003782
2017-08-24 09:59:18.613 7720 INFO neutron.wsgi [-] (7720) accepted ('172.16.1.134', 25053)
2017-08-24 09:59:18.616 7720 INFO neutron.wsgi [-] 172.16.1.134 - - [24/Aug/2017 09:59:18] "OPTIONS / HTTP/1.0" 200 263 0.001115
2017-08-24 09:59:18 ztx-controller-136 cinder-api: 2017-08-24 09:59:18.606 12839 DEBUG eventlet.wsgi.server [-] (12839) accepted ('172.16.1.136', 15323) server /usr/lib/python2.7/site-packages/eventlet/wsgi.py:826
2017-08-24 09:59:18 ztx-controller-136 cinder-api: 2017-08-24 09:59:18.608 12839 INFO cinder.api.openstack.wsgi [-] OPTIONS http://172.16.1.136:8776/
2017-08-24 09:59:18 ztx-controller-136 cinder-api: 2017-08-24 09:59:18.609 12839 DEBUG cinder.api.openstack.wsgi [-] Empty body provided in request get_body /usr/lib/python2.7/site-packages/cinder/api/openstack/wsgi.py:862
2017-08-24 09:59:18 ztx-controller-136 cinder-api: 2017-08-24 09:59:18.610 12839 INFO cinder.api.openstack.wsgi [-] http://172.16.1.136:8776/ returned with HTTP 200
2017-08-24 09:59:18 ztx-controller-136 cinder-api: 2017-08-24 09:59:18.611 12839 INFO eventlet.wsgi.server [-] 172.16.1.136 - - [24/Aug/2017 09:59:18] "OPTIONS / HTTP/1.0" 200 282 0.003782
2017-08-24 09:59:18 ztx-controller-136 cinder-scheduler: 2017-08-24 09:59:18.007 12802 DEBUG cinder.scheduler.host_manager [req-bc60dbd7-e853-4859-ba41-3c3b213468be - - - - -] Received volume service update from ceph: {u'filter_function': None, u'goodness_function': None, u'volume_backend_name': u'RBD', u'free_capacity_gb': 1332, u'driver_version': u'1.2.0', u'total_capacity_gb': 2794, u'reserved_percentage': 0, u'vendor_name': u'Open Source', u'storage_protocol': u'ceph'} update_service_capabilities /usr/lib/python2.7/site-packages/cinder/scheduler/host_manager.py:450
2017-08-24 09:59:18 ztx-controller-136 Keepalived_vrrp[1685]: pid 17254 exited with status 1
2017-08-24 09:59:18 ztx-controller-136 logger: migration-monitor check service: process not exist
2017-08-24 09:59:19.146315 mon.0 10.1.0.134:6789/0 174635 : cluster [INF] pgmap v22374627: 1396 pgs: 1 active+clean+scrubbing+deep, 1384 active+clean, 11 active+clean+inconsistent; 5286 GB data, 15683 GB used, 8441 GB / 24124 GB avail; 4463 kB/s rd, 1289 kB/s wr, 388 op/s
2017-08-24 09:59:19 localhost haproxy[21903]: 172.16.1.145:41111 [24/Aug/2017:08:58:31.241] db-cluster db-cluster/mysql-ztx-controller-134 1/0/3648030 518415 -- 1277/1277/1277/1277/0 0/0
2017-08-24 09:59:19 localhost haproxy[21903]: 172.16.1.145:41111 [24/Aug/2017:08:58:31.241] db-cluster db-cluster/mysql-ztx-controller-134 1/0/3648030 518415 -- 1277/1277/1277/1277/0 0/0
2017-08-24 09:59:20.156027 mon.0 10.1.0.134:6789/0 174636 : cluster [INF] pgmap v22374628: 1396 pgs: 1 active+clean+scrubbing+deep, 1384 active+clean, 11 active+clean+inconsistent; 5286 GB data, 15683 GB used, 8441 GB / 24124 GB avail; 5858 kB/s rd, 1026 kB/s wr, 364 op/s
2017-08-24 09:59:20.279 23788 DEBUG keystone.middleware.core [req-167adcfb-8ce8-44c9-83e0-e1aba008a27b - - - - -] There is either no auth token in the request or the certificate issuer is not trusted. No auth context will be set. process_request /usr/lib/python2.7/site-packages/keystone/middleware/core.py:310
2017-08-24 09:59:20.281 23788 INFO keystone.common.wsgi [req-167adcfb-8ce8-44c9-83e0-e1aba008a27b - - - - -] GET http://172.16.1.136:5000/v3/
2017-08-24 09:59:20.282 23788 INFO eventlet.wsgi.server [req-167adcfb-8ce8-44c9-83e0-e1aba008a27b - - - - -] 172.16.1.134 - - [24/Aug/2017 09:59:20] "GET /v3 HTTP/1.0" 200 465 0.003716
2017-08-24 09:59:20.333 3369 DEBUG nova.osapi_compute.wsgi.server [-] (3369) accepted ('172.16.1.136', 39951) server /usr/lib/python2.7/site-packages/eventlet/wsgi.py:826
2017-08-24 09:59:20.335 3369 DEBUG nova.api.openstack.wsgi [-] Calling method '<bound method Versions.index of <nova.api.openstack.compute.versions.Versions object at 0x70f5f10>>' _process_stack /usr/lib/python2.7/site-packages/nova/api/openstack/wsgi.py:792
2017-08-24 09:59:20.336 3369 INFO nova.osapi_compute.wsgi.server [-] 172.16.1.136 "OPTIONS / HTTP/1.0" status: 200 len: 501 time: 0.0012870
2017-08-24 09:59:20.551 3321 DEBUG oslo_concurrency.lockutils [req-13ae4c62-2a64-41c0-81ad-1284ff4b93d5 - - - - -] Lock "host_instance" acquired by "nova.scheduler.host_manager.sync_instance_info" :: waited 0.000s inner /usr/lib/python2.7/site-packages/oslo_concurrency/lockutils.py:253
2017-08-24 09:59:20.551 3321 INFO nova.scheduler.host_manager [req-13ae4c62-2a64-41c0-81ad-1284ff4b93d5 - - - - -] Successfully synced instances from host 'ztx-compute-138'.
2017-08-24 09:59:20.552 3321 DEBUG oslo_concurrency.lockutils [req-13ae4c62-2a64-41c0-81ad-1284ff4b93d5 - - - - -] Lock "host_instance" released by "nova.scheduler.host_manager.sync_instance_info" :: held 0.001s inner /usr/lib/python2.7/site-packages/oslo_concurrency/lockutils.py:265
2017-08-24 09:59:20.558 7723 DEBUG neutron.api.rpc.handlers.dhcp_rpc [req-7acac6a1-7831-4978-8a0a-1cf6a7b960ce - - - - -] get_active_networks_info from ztx-compute-148 get_active_networks_info /usr/lib/python2.7/site-packages/neutron/api/rpc/handlers/dhcp_rpc.py:129
2017-08-24 09:59:20.613 21782 INFO eventlet.wsgi.server [-] 172.16.1.134 - - [24/Aug/2017 09:59:20] "OPTIONS /versions HTTP/1.0" 200 797 0.001259
2017-08-24 09:59:20 ztx-controller-136 Keepalived_vrrp[1685]: pid 17263 exited with status 1
2017-08-24 09:59:20 ztx-controller-136 logger: migration-monitor check service: process not exist
2017-08-24 09:59:21.162389 mon.0 10.1.0.134:6789/0 174637 : cluster [INF] pgmap v22374629: 1396 pgs: 1 active+clean+scrubbing+deep, 1384 active+clean, 11 active+clean+inconsistent; 5286 GB data, 15683 GB used, 8441 GB / 24124 GB avail; 2340 kB/s rd, 1081 kB/s wr, 301 op/s
2017-08-24 09:59:21.256 7719 INFO neutron.wsgi [-] (7719) accepted ('172.16.1.136', 7386)
2017-08-24 09:59:21.259 7719 INFO neutron.wsgi [-] 172.16.1.136 - - [24/Aug/2017 09:59:21] "OPTIONS / HTTP/1.0" 200 263 0.001051
2017-08-24 09:59:21.424 3380 DEBUG nova.metadata.wsgi.server [-] (3380) accepted ('172.16.1.134', 12480) server /usr/lib/python2.7/site-packages/eventlet/wsgi.py:826
2017-08-24 09:59:21.425 3380 INFO nova.api.ec2 [-] 0.224s 172.16.1.134 OPTIONS / None:None 200 [None] text/plain text/plain
2017-08-24 09:59:21.426 3380 INFO nova.metadata.wsgi.server [-] 172.16.1.134 "OPTIONS / HTTP/1.0" status: 200 len: 234 time: 0.0010650
2017-08-24 09:59:21.494 3321 DEBUG oslo_concurrency.lockutils [req-ac788983-90bd-4c0c-a9f2-784ede03e101 - - - - -] Lock "host_instance" acquired by "nova.scheduler.host_manager.sync_instance_info" :: waited 0.000s inner /usr/lib/python2.7/site-packages/oslo_concurrency/lockutils.py:253
2017-08-24 09:59:21.494 3321 INFO nova.scheduler.host_manager [req-ac788983-90bd-4c0c-a9f2-784ede03e101 - - - - -] Successfully synced instances from host 'ztx-compute-146'.
2017-08-24 09:59:21.495 3321 DEBUG oslo_concurrency.lockutils [req-ac788983-90bd-4c0c-a9f2-784ede03e101 - - - - -] Lock "host_instance" released by "nova.scheduler.host_manager.sync_instance_info" :: held 0.001s inner /usr/lib/python2.7/site-packages/oslo_concurrency/lockutils.py:265
2017-08-24 09:59:21 ztx-controller-136 xinetd[1652]: EXIT: galeracheck status=0 pid=17273 duration=0(sec)
2017-08-24 09:59:21 ztx-controller-136 xinetd[1652]: START: galeracheck pid=17273 from=172.16.1.135
2017-08-24 09:59:22.120 12847 DEBUG eventlet.wsgi.server [-] (12847) accepted ('172.16.1.134', 57348) server /usr/lib/python2.7/site-packages/eventlet/wsgi.py:826
2017-08-24 09:59:22.123 12847 INFO cinder.api.openstack.wsgi [-] OPTIONS http://172.16.1.136:8776/
2017-08-24 09:59:22.124 12847 DEBUG cinder.api.openstack.wsgi [-] Empty body provided in request get_body /usr/lib/python2.7/site-packages/cinder/api/openstack/wsgi.py:862
2017-08-24 09:59:22.125 12847 INFO cinder.api.openstack.wsgi [-] http://172.16.1.136:8776/ returned with HTTP 200
2017-08-24 09:59:22.126 12847 INFO eventlet.wsgi.server [-] 172.16.1.134 - - [24/Aug/2017 09:59:22] "OPTIONS / HTTP/1.0" 200 282 0.003648
2017-08-24 09:59:22.165099 mon.0 10.1.0.134:6789/0 174638 : cluster [INF] pgmap v22374630: 1396 pgs: 1 active+clean+scrubbing+deep, 1384 active+clean, 11 active+clean+inconsistent; 5286 GB data, 15683 GB used, 8441 GB / 24124 GB avail; 348 kB/s rd, 1162 kB/s wr, 114 op/s
2017-08-24 09:59:22 localhost haproxy[21903]: 172.16.1.134:44914 [24/Aug/2017:08:59:16.110] db-cluster db-cluster/mysql-ztx-controller-134 1/0/3606677 730599 -- 1277/1277/1277/1277/0 0/0
2017-08-24 09:59:22 localhost haproxy[21903]: 172.16.1.134:44914 [24/Aug/2017:08:59:16.110] db-cluster db-cluster/mysql-ztx-controller-134 1/0/3606677 730599 -- 1277/1277/1277/1277/0 0/0
2017-08-24 09:59:22 ztx-controller-136 cinder-api: 2017-08-24 09:59:22.120 12847 DEBUG eventlet.wsgi.server [-] (12847) accepted ('172.16.1.134', 57348) server /usr/lib/python2.7/site-packages/eventlet/wsgi.py:826
2017-08-24 09:59:22 ztx-controller-136 cinder-api: 2017-08-24 09:59:22.123 12847 INFO cinder.api.openstack.wsgi [-] OPTIONS http://172.16.1.136:8776/
2017-08-24 09:59:22 ztx-controller-136 cinder-api: 2017-08-24 09:59:22.124 12847 DEBUG cinder.api.openstack.wsgi [-] Empty body provided in request get_body /usr/lib/python2.7/site-packages/cinder/api/openstack/wsgi.py:862
2017-08-24 09:59:22 ztx-controller-136 cinder-api: 2017-08-24 09:59:22.125 12847 INFO cinder.api.openstack.wsgi [-] http://172.16.1.136:8776/ returned with HTTP 200
2017-08-24 09:59:22 ztx-controller-136 cinder-api: 2017-08-24 09:59:22.126 12847 INFO eventlet.wsgi.server [-] 172.16.1.134 - - [24/Aug/2017 09:59:22] "OPTIONS / HTTP/1.0" 200 282 0.003648
2017-08-24 09:59:22 ztx-controller-136 Keepalived_vrrp[1685]: pid 17280 exited with status 1
2017-08-24 09:59:22 ztx-controller-136 logger: migration-monitor check service: process not exist
2017-08-24 09:59:23.079 3380 DEBUG nova.metadata.wsgi.server [-] (3380) accepted ('172.16.1.135', 7811) server /usr/lib/python2.7/site-packages/eventlet/wsgi.py:826
2017-08-24 09:59:23.080 3380 INFO nova.api.ec2 [-] 0.228s 172.16.1.135 OPTIONS / None:None 200 [None] text/plain text/plain
2017-08-24 09:59:23.081 3380 INFO nova.metadata.wsgi.server [-] 172.16.1.135 "OPTIONS / HTTP/1.0" status: 200 len: 234 time: 0.0010812
2017-08-24 09:59:23.152 3369 DEBUG nova.osapi_compute.wsgi.server [-] (3369) accepted ('172.16.1.134', 27622) server /usr/lib/python2.7/site-packages/eventlet/wsgi.py:826
2017-08-24 09:59:23.154 3369 DEBUG nova.api.openstack.wsgi [-] Calling method '<bound method Versions.index of <nova.api.openstack.compute.versions.Versions object at 0x70f5f10>>' _process_stack /usr/lib/python2.7/site-packages/nova/api/openstack/wsgi.py:792
2017-08-24 09:59:23.155 3369 INFO nova.osapi_compute.wsgi.server [-] 172.16.1.134 "OPTIONS / HTTP/1.0" status: 200 len: 501 time: 0.0013011
2017-08-24 09:59:23.172021 mon.0 10.1.0.134:6789/0 174639 : cluster [INF] pgmap v22374631: 1396 pgs: 1 active+clean+scrubbing+deep, 1384 active+clean, 11 active+clean+inconsistent; 5286 GB data, 15683 GB used, 8441 GB / 24124 GB avail; 1314 kB/s rd, 833 kB/s wr, 303 op/s
2017-08-24 09:59:23.403 12846 DEBUG eventlet.wsgi.server [-] (12846) accepted ('172.16.1.135', 61603) server /usr/lib/python2.7/site-packages/eventlet/wsgi.py:826
2017-08-24 09:59:23.404 12846 INFO cinder.api.openstack.wsgi [-] OPTIONS http://172.16.1.136:8776/
2017-08-24 09:59:23.405 12846 DEBUG cinder.api.openstack.wsgi [-] Empty body provided in request get_body /usr/lib/python2.7/site-packages/cinder/api/openstack/wsgi.py:862
2017-08-24 09:59:23.406 12846 INFO cinder.api.openstack.wsgi [-] http://172.16.1.136:8776/ returned with HTTP 200
2017-08-24 09:59:23.407 12846 INFO eventlet.wsgi.server [-] 172.16.1.135 - - [24/Aug/2017 09:59:23] "OPTIONS / HTTP/1.0" 200 282 0.002954
2017-08-24 09:59:23 ztx-controller-136 cinder-api: 2017-08-24 09:59:23.403 12846 DEBUG eventlet.wsgi.server [-] (12846) accepted ('172.16.1.135', 61603) server /usr/lib/python2.7/site-packages/eventlet/wsgi.py:826
2017-08-24 09:59:23 ztx-controller-136 cinder-api: 2017-08-24 09:59:23.404 12846 INFO cinder.api.openstack.wsgi [-] OPTIONS http://172.16.1.136:8776/
2017-08-24 09:59:23 ztx-controller-136 cinder-api: 2017-08-24 09:59:23.405 12846 DEBUG cinder.api.openstack.wsgi [-] Empty body provided in request get_body /usr/lib/python2.7/site-packages/cinder/api/openstack/wsgi.py:862
2017-08-24 09:59:23 ztx-controller-136 cinder-api: 2017-08-24 09:59:23.406 12846 INFO cinder.api.openstack.wsgi [-] http://172.16.1.136:8776/ returned with HTTP 200
2017-08-24 09:59:23 ztx-controller-136 cinder-api: 2017-08-24 09:59:23.407 12846 INFO eventlet.wsgi.server [-] 172.16.1.135 - - [24/Aug/2017 09:59:23] "OPTIONS / HTTP/1.0" 200 282 0.002954
2017-08-24 09:59:24.118 23788 DEBUG keystone.middleware.core [req-10273c57-ba49-4f49-ab78-0b1db4210190 - - - - -] There is either no auth token in the request or the certificate issuer is not trusted. No auth context will be set. process_request /usr/lib/python2.7/site-packages/keystone/middleware/core.py:310
2017-08-24 09:59:24.120 23788 INFO keystone.common.wsgi [req-10273c57-ba49-4f49-ab78-0b1db4210190 - - - - -] GET http://172.16.1.136:5000/v3/
2017-08-24 09:59:24.121 23788 INFO eventlet.wsgi.server [req-10273c57-ba49-4f49-ab78-0b1db4210190 - - - - -] 172.16.1.135 - - [24/Aug/2017 09:59:24] "GET /v3 HTTP/1.0" 200 465 0.003642
2017-08-24 09:59:24.183165 mon.0 10.1.0.134:6789/0 174640 : cluster [INF] pgmap v22374632: 1396 pgs: 1 active+clean+scrubbing+deep, 1384 active+clean, 11 active+clean+inconsistent; 5286 GB data, 15683 GB used, 8441 GB / 24124 GB avail; 9027 kB/s rd, 789 kB/s wr, 424 op/s
2017-08-24 09:59:24.277 3321 DEBUG oslo_concurrency.lockutils [req-4bdc90af-d753-4bbe-9499-7d6a004dd886 - - - - -] Lock "host_instance" acquired by "nova.scheduler.host_manager.sync_instance_info" :: waited 0.000s inner /usr/lib/python2.7/site-packages/oslo_concurrency/lockutils.py:253
2017-08-24 09:59:24.277 3321 INFO nova.scheduler.host_manager [req-4bdc90af-d753-4bbe-9499-7d6a004dd886 - - - - -] Successfully synced instances from host 'ztx-compute-148'.
2017-08-24 09:59:24.278 3321 DEBUG oslo_concurrency.lockutils [req-4bdc90af-d753-4bbe-9499-7d6a004dd886 - - - - -] Lock "host_instance" released by "nova.scheduler.host_manager.sync_instance_info" :: held 0.001s inner /usr/lib/python2.7/site-packages/oslo_concurrency/lockutils.py:265
2017-08-24 09:59:24.389 3369 DEBUG nova.osapi_compute.wsgi.server [-] (3369) accepted ('172.16.1.135', 15733) server /usr/lib/python2.7/site-packages/eventlet/wsgi.py:826
2017-08-24 09:59:24.390 3369 DEBUG nova.api.openstack.wsgi [-] Calling method '<bound method Versions.index of <nova.api.openstack.compute.versions.Versions object at 0x70f5f10>>' _process_stack /usr/lib/python2.7/site-packages/nova/api/openstack/wsgi.py:792
2017-08-24 09:59:24.391 3369 INFO nova.osapi_compute.wsgi.server [-] 172.16.1.135 "OPTIONS / HTTP/1.0" status: 200 len: 501 time: 0.0013330
2017-08-24 09:59:24.674 23787 DEBUG keystone.middleware.core [req-c0d4ee87-c0c5-43dc-ae65-d9a09657fbb3 - - - - -] There is either no auth token in the request or the certificate issuer is not trusted. No auth context will be set. process_request /usr/lib/python2.7/site-packages/keystone/middleware/core.py:310
2017-08-24 09:59:24.676 23787 INFO keystone.common.wsgi [req-c0d4ee87-c0c5-43dc-ae65-d9a09657fbb3 - - - - -] GET http://172.16.1.136:35357/v3/
2017-08-24 09:59:24.677 23787 INFO eventlet.wsgi.server [req-c0d4ee87-c0c5-43dc-ae65-d9a09657fbb3 - - - - -] 172.16.1.135 - - [24/Aug/2017 09:59:24] "GET /v3 HTTP/1.0" 200 466 0.003825
2017-08-24 09:59:24.714 23788 DEBUG keystone.middleware.core [req-6c2e58a0-d3d7-4d78-aa46-7c89a3a88a1a - - - - -] There is either no auth token in the request or the certificate issuer is not trusted. No auth context will be set. process_request /usr/lib/python2.7/site-packages/keystone/middleware/core.py:310
2017-08-24 09:59:24.716 23788 INFO keystone.common.wsgi [req-6c2e58a0-d3d7-4d78-aa46-7c89a3a88a1a - - - - -] GET http://172.16.1.136:5000/v3/
2017-08-24 09:59:24.717 23788 INFO eventlet.wsgi.server [req-6c2e58a0-d3d7-4d78-aa46-7c89a3a88a1a - - - - -] 172.16.1.136 - - [24/Aug/2017 09:59:24] "GET /v3 HTTP/1.0" 200 465 0.003784
2017-08-24 09:59:24 ztx-controller-136 Keepalived_vrrp[1685]: pid 17288 exited with status 1
2017-08-24 09:59:24 ztx-controller-136 logger: migration-monitor check service: process not exist
2017-08-24 09:59:24 ztx-controller-136 xinetd[1652]: EXIT: galeracheck status=0 pid=17296 duration=0(sec)
2017-08-24 09:59:24 ztx-controller-136 xinetd[1652]: START: galeracheck pid=17296 from=172.16.1.136
2017-08-24 09:59:25.185548 mon.0 10.1.0.134:6789/0 174641 : cluster [INF] pgmap v22374633: 1396 pgs: 1 active+clean+scrubbing+deep, 1384 active+clean, 11 active+clean+inconsistent; 5286 GB data, 15683 GB used, 8441 GB / 24124 GB avail; 9976 kB/s rd, 565 kB/s wr, 398 op/s
2017-08-24 09:59:25.611 7719 INFO neutron.wsgi [-] (7719) accepted ('172.16.1.136', 7414)
2017-08-24 09:59:25.614 7719 DEBUG keystoneclient.session [-] REQ: curl -g -i -X GET http://172.16.1.165:35357/v3/auth/tokens -H "X-Subject-Token: {SHA1}fce152f02b871945571ba318f3de53301745c38a" -H "User-Agent: python-keystoneclient" -H "Accept: application/json" -H "X-Auth-Token: {SHA1}4cb2152561bf6d5344d7519cca595bc8d28dcdd2" _http_log_request /usr/lib/python2.7/site-packages/keystoneclient/session.py:198
2017-08-24 09:59:25.620 23787 INFO oslo.db.sqlalchemy.enginefacade [req-76c8acc5-43d8-48b1-ae9b-f6c8358439d8 - - - - -] sql start('71a56903ccc3711bc52153817f764ca6'): u'SELECT 1'^1503539965.62011^
2017-08-24 09:59:25.621 23787 INFO oslo.db.sqlalchemy.enginefacade [req-76c8acc5-43d8-48b1-ae9b-f6c8358439d8 - - - - -] sql end('71a56903ccc3711bc52153817f764ca6'): u'SELECT 1'^1503539965.621202^
2017-08-24 09:59:25.622 23787 INFO oslo.db.sqlalchemy.enginefacade [req-76c8acc5-43d8-48b1-ae9b-f6c8358439d8 - - - - -] sql start('d8c30752633f75b60ad8e37800c60170'): u'SELECT token.id AS token_id, token.expires AS token_expires, token.extra AS token_extra, token.valid AS token_valid, token.user_id AS token_user_id, token.trust_id AS token_trust_id \nFROM token \nWHERE token.id = %s'^1503539965.6223^
2017-08-24 09:59:25.623 23787 INFO oslo.db.sqlalchemy.enginefacade [req-76c8acc5-43d8-48b1-ae9b-f6c8358439d8 - - - - -] sql end('d8c30752633f75b60ad8e37800c60170'): u'SELECT token.id AS token_id, token.expires AS token_expires, token.extra AS token_extra, token.valid AS token_valid, token.user_id AS token_user_id, token.trust_id AS token_trust_id \nFROM token \nWHERE token.id = %s'^1503539965.623559^
2017-08-24 09:59:25.627 23787 INFO oslo.db.sqlalchemy.enginefacade [req-76c8acc5-43d8-48b1-ae9b-f6c8358439d8 - - - - -] sql start('efd138f0ea654f0e5038ab2e40f1d669'): u'SELECT 1'^1503539965.627104^
2017-08-24 09:59:25.628 23787 INFO oslo.db.sqlalchemy.enginefacade [req-76c8acc5-43d8-48b1-ae9b-f6c8358439d8 - - - - -] sql end('efd138f0ea654f0e5038ab2e40f1d669'): u'SELECT 1'^1503539965.628148^
2017-08-24 09:59:25.629 23787 INFO oslo.db.sqlalchemy.enginefacade [req-76c8acc5-43d8-48b1-ae9b-f6c8358439d8 - - - - -] sql start('2cff5c81454a7cd20307691329370ddd'): u'SELECT revocation_event.id AS revocation_event_id, revocation_event.domain_id AS revocation_event_domain_id, revocation_event.project_id AS revocation_event_project_id, revocation_event.user_id AS revocation_event_user_id, revocation_event.role_id AS revocation_event_role_id, revocation_event.trust_id AS revocation_event_trust_id, revocation_event.consumer_id AS revocation_event_consumer_id, revocation_event.access_token_id AS revocation_event_access_token_id, revocation_event.issued_before AS revocation_event_issued_before, revocation_event.expires_at AS revocation_event_expires_at, revocation_event.revoked_at AS revocation_event_revoked_at, revocation_event.audit_id AS revocation_event_audit_id, revocation_event.audit_chain_id AS revocation_event_audit_chain_id \nFROM revocation_event ORDER BY revocation_event.revoked_at'^1503539965.629347^
2017-08-24 09:59:25.630 23787 INFO oslo.db.sqlalchemy.enginefacade [req-76c8acc5-43d8-48b1-ae9b-f6c8358439d8 - - - - -] sql end('2cff5c81454a7cd20307691329370ddd'): u'SELECT revocation_event.id AS revocation_event_id, revocation_event.domain_id AS revocation_event_domain_id, revocation_event.project_id AS revocation_event_project_id, revocation_event.user_id AS revocation_event_user_id, revocation_event.role_id AS revocation_event_role_id, revocation_event.trust_id AS revocation_event_trust_id, revocation_event.consumer_id AS revocation_event_consumer_id, revocation_event.access_token_id AS revocation_event_access_token_id, revocation_event.issued_before AS revocation_event_issued_before, revocation_event.expires_at AS revocation_event_expires_at, revocation_event.revoked_at AS revocation_event_revoked_at, revocation_event.audit_id AS revocation_event_audit_id, revocation_event.audit_chain_id AS revocation_event_audit_chain_id \nFROM revocation_event ORDER BY revocation_event.revoked_at'^1503539965.630623^
2017-08-24 09:59:25.632 23787 DEBUG keystone.middleware.core [req-76c8acc5-43d8-48b1-ae9b-f6c8358439d8 - - - - -] RBAC: auth_context: {'is_delegated_auth': False, 'access_token_id': None, 'user_id': u'd5e31c9a06e04727b8d858ecad5f9203', 'roles': [u'admin'], 'trustee_id': None, 'trustor_id': None, 'consumer_id': None, 'token': <KeystoneToken (audit_id=pmyscxGqSaSG0pg6g2L2Eg, audit_chain_id=pmyscxGqSaSG0pg6g2L2Eg) at 0x4c829a0>, 'project_id': u'2451791b57de46d6bc8ebd588b58d0ae', 'trust_id': None} process_request /usr/lib/python2.7/site-packages/keystone/middleware/core.py:314
2017-08-24 09:59:25.635 23787 DEBUG keystone.common.controller [req-76c8acc5-43d8-48b1-ae9b-f6c8358439d8 - - - - -] RBAC: Authorizing identity:validate_token() _build_policy_check_credentials /usr/lib/python2.7/site-packages/keystone/common/controller.py:62
2017-08-24 09:59:25.635 23787 DEBUG keystone.common.controller [req-76c8acc5-43d8-48b1-ae9b-f6c8358439d8 - - - - -] RBAC: using auth context from the request environment _build_policy_check_credentials /usr/lib/python2.7/site-packages/keystone/common/controller.py:67
2017-08-24 09:59:25.635 23787 INFO keystone.common.wsgi [req-76c8acc5-43d8-48b1-ae9b-f6c8358439d8 - - - - -] GET http://172.16.1.165:35357/v3/auth/tokens
2017-08-24 09:59:25.637 23787 INFO oslo.db.sqlalchemy.enginefacade [req-76c8acc5-43d8-48b1-ae9b-f6c8358439d8 - - - - -] sql start('2b8fb94ac69f937d1daa594814266554'): u'SELECT 1'^1503539965.637797^
2017-08-24 09:59:25.638 23787 INFO oslo.db.sqlalchemy.enginefacade [req-76c8acc5-43d8-48b1-ae9b-f6c8358439d8 - - - - -] sql end('2b8fb94ac69f937d1daa594814266554'): u'SELECT 1'^1503539965.638729^
2017-08-24 09:59:25.639 23787 INFO oslo.db.sqlalchemy.enginefacade [req-76c8acc5-43d8-48b1-ae9b-f6c8358439d8 - - - - -] sql start('67f90d928f4f895d20c359bcaba74198'): u'SELECT token.id AS token_id, token.expires AS token_expires, token.extra AS token_extra, token.valid AS token_valid, token.user_id AS token_user_id, token.trust_id AS token_trust_id \nFROM token \nWHERE token.id = %s'^1503539965.639691^
2017-08-24 09:59:25.641 23787 INFO oslo.db.sqlalchemy.enginefacade [req-76c8acc5-43d8-48b1-ae9b-f6c8358439d8 - - - - -] sql end('67f90d928f4f895d20c359bcaba74198'): u'SELECT token.id AS token_id, token.expires AS token_expires, token.extra AS token_extra, token.valid AS token_valid, token.user_id AS token_user_id, token.trust_id AS token_trust_id \nFROM token \nWHERE token.id = %s'^1503539965.640949^
2017-08-24 09:59:25.644 23787 INFO oslo.db.sqlalchemy.enginefacade [req-76c8acc5-43d8-48b1-ae9b-f6c8358439d8 - - - - -] sql start('ae0f288cef996ba7918bf025505cd493'): u'SELECT 1'^1503539965.644066^
2017-08-24 09:59:25.645 23787 INFO oslo.db.sqlalchemy.enginefacade [req-76c8acc5-43d8-48b1-ae9b-f6c8358439d8 - - - - -] sql end('ae0f288cef996ba7918bf025505cd493'): u'SELECT 1'^1503539965.645029^
2017-08-24 09:59:25.646 23787 INFO oslo.db.sqlalchemy.enginefacade [req-76c8acc5-43d8-48b1-ae9b-f6c8358439d8 - - - - -] sql start('d52b54dc16c7ab9b44be5d732e8a21ae'): u'SELECT revocation_event.id AS revocation_event_id, revocation_event.domain_id AS revocation_event_domain_id, revocation_event.project_id AS revocation_event_project_id, revocation_event.user_id AS revocation_event_user_id, revocation_event.role_id AS revocation_event_role_id, revocation_event.trust_id AS revocation_event_trust_id, revocation_event.consumer_id AS revocation_event_consumer_id, revocation_event.access_token_id AS revocation_event_access_token_id, revocation_event.issued_before AS revocation_event_issued_before, revocation_event.expires_at AS revocation_event_expires_at, revocation_event.revoked_at AS revocation_event_revoked_at, revocation_event.audit_id AS revocation_event_audit_id, revocation_event.audit_chain_id AS revocation_event_audit_chain_id \nFROM revocation_event ORDER BY revocation_event.revoked_at'^1503539965.646138^
2017-08-24 09:59:25.647 23787 INFO oslo.db.sqlalchemy.enginefacade [req-76c8acc5-43d8-48b1-ae9b-f6c8358439d8 - - - - -] sql end('d52b54dc16c7ab9b44be5d732e8a21ae'): u'SELECT revocation_event.id AS revocation_event_id, revocation_event.domain_id AS revocation_event_domain_id, revocation_event.project_id AS revocation_event_project_id, revocation_event.user_id AS revocation_event_user_id, revocation_event.role_id AS revocation_event_role_id, revocation_event.trust_id AS revocation_event_trust_id, revocation_event.consumer_id AS revocation_event_consumer_id, revocation_event.access_token_id AS revocation_event_access_token_id, revocation_event.issued_before AS revocation_event_issued_before, revocation_event.expires_at AS revocation_event_expires_at, revocation_event.revoked_at AS revocation_event_revoked_at, revocation_event.audit_id AS revocation_event_audit_id, revocation_event.audit_chain_id AS revocation_event_audit_chain_id \nFROM revocation_event ORDER BY revocation_event.revoked_at'^1503539965.647388^
2017-08-24 09:59:25.649 23787 DEBUG keystone.common.controller [req-76c8acc5-43d8-48b1-ae9b-f6c8358439d8 - - - - -] RBAC: Authorization granted inner /usr/lib/python2.7/site-packages/keystone/common/controller.py:162
